Component: ARM Compiler 5.06 update 6 (build 750) Tool: armlink [4d35ed]

==============================================================================

Section Cross References

    main.o(.text) refers to strstr.o(.text) for strstr
    main.o(.text) refers to beef.o(.text) for Beep_Call
    main.o(.text) refers to delay.o(.text) for delay_ms
    main.o(.text) refers to led.o(.text) for LED_Init
    main.o(.text) refers to relay.o(.text) for RELAY_Init
    main.o(.text) refers to misc.o(.text) for NVIC_PriorityGroupConfig
    main.o(.text) refers to usart.o(.text) for USART1_Init
    main.o(.text) refers to timer.o(.text) for TIM2_Int_Init
    main.o(.text) refers to adc.o(.text) for ADC_Configuration
    main.o(.text) refers to f2d.o(.text) for __aeabi_f2d
    main.o(.text) refers to ffltui.o(.text) for __aeabi_ui2f
    main.o(.text) refers to dmul.o(.text) for __aeabi_dmul
    main.o(.text) refers to ddiv.o(.text) for __aeabi_ddiv
    main.o(.text) refers to d2f.o(.text) for __aeabi_d2f
    main.o(.text) refers to cdcmple.o(.text) for __aeabi_cdcmple
    main.o(.text) refers to dfixui.o(.text) for __aeabi_d2uiz
    main.o(.text) refers to fmul.o(.text) for __aeabi_fmul
    main.o(.text) refers to fdiv.o(.text) for __aeabi_fdiv
    main.o(.text) refers to stm32f10x_gpio.o(.text) for GPIO_ReadOutputDataBit
    main.o(.text) refers to timer.o(.data) for Time
    main.o(.text) refers to adc.o(.data) for ADC_DMA_IN
    main.o(.text) refers to relay.o(.data) for Relay0_state
    main.o(.text) refers to printfa.o(i.__0sprintf) for __2sprintf
    main.o(.text) refers to strlen.o(.text) for strlen
    main.o(.text) refers to esp8266.o(.text) for Esp8266_Net_SendData
    main.o(.text) refers to fadd.o(.text) for __aeabi_fadd
    main.o(.text) refers to cdrcmple.o(.text) for __aeabi_cdrcmple
    main.o(.text) refers to cfcmple.o(.text) for __aeabi_cfcmpeq
    main.o(.text) refers to main.o(.conststring) for .conststring
    esp8266.o(.text) refers to net_usart.o(.text) for NET_IO_ClearRecive
    esp8266.o(.text) refers to delay.o(.text) for delay_ms
    esp8266.o(.text) refers to printfa.o(i.__0printf) for __2printf
    esp8266.o(.text) refers to memseta.o(.text) for __aeabi_memclr4
    esp8266.o(.text) refers to printfa.o(i.__0sprintf) for __2sprintf
    esp8266.o(.text) refers to strstr.o(.text) for strstr
    esp8266.o(.text) refers to strchr.o(.text) for strchr
    esp8266.o(.text) refers to esp8266.o(.bss) for netDeviceInfo
    esp8266.o(.text) refers to net_usart.o(.bss) for netIOInfo
    esp8266.o(.text) refers to esp8266.o(.data) for Status
    net_usart.o(.text) refers to stm32f10x_usart.o(.text) for USART_ClearFlag
    net_usart.o(.text) refers to memseta.o(.text) for __aeabi_memclr
    net_usart.o(.text) refers to strlen.o(.text) for strlen
    net_usart.o(.text) refers to strstr.o(.text) for strstr
    net_usart.o(.text) refers to delay.o(.text) for delay_ms
    net_usart.o(.text) refers to printfa.o(i.__0vsprintf) for __c89vsprintf
    net_usart.o(.text) refers to net_usart.o(.bss) for netIOInfo
    beef.o(.text) refers to stm32f10x_rcc.o(.text) for RCC_APB2PeriphClockCmd
    beef.o(.text) refers to stm32f10x_gpio.o(.text) for GPIO_Init
    beef.o(.text) refers to delay.o(.text) for delay_ms
    led.o(.text) refers to stm32f10x_rcc.o(.text) for RCC_APB2PeriphClockCmd
    led.o(.text) refers to stm32f10x_gpio.o(.text) for GPIO_Init
    relay.o(.text) refers to stm32f10x_rcc.o(.text) for RCC_APB2PeriphClockCmd
    relay.o(.text) refers to stm32f10x_gpio.o(.text) for GPIO_Init
    timer.o(.text) refers to stm32f10x_rcc.o(.text) for RCC_APB1PeriphClockCmd
    timer.o(.text) refers to stm32f10x_tim.o(.text) for TIM_TimeBaseInit
    timer.o(.text) refers to misc.o(.text) for NVIC_PriorityGroupConfig
    timer.o(.text) refers to timer.o(.data) for two
    adc.o(.text) refers to stm32f10x_dma.o(.text) for DMA_DeInit
    adc.o(.text) refers to stm32f10x_rcc.o(.text) for RCC_APB2PeriphClockCmd
    adc.o(.text) refers to stm32f10x_gpio.o(.text) for GPIO_Init
    adc.o(.text) refers to stm32f10x_adc.o(.text) for ADC_DeInit
    adc.o(.text) refers to adc.o(.data) for ADC_DMA_IN
    usart.o(.text) refers to printfa.o(i.__0vsnprintf) for __c89vsnprintf
    usart.o(.text) refers to stm32f10x_usart.o(.text) for USART_SendData
    usart.o(.text) refers to strlen.o(.text) for strlen
    usart.o(.text) refers to stm32f10x_rcc.o(.text) for RCC_APB2PeriphClockCmd
    usart.o(.text) refers to stm32f10x_gpio.o(.text) for GPIO_Init
    usart.o(.text) refers to misc.o(.text) for NVIC_PriorityGroupConfig
    usart.o(.text) refers to usart.o(.data) for USART_Start
    usart.o(.text) refers to usart.o(.bss) for REC_Char
    system_stm32f10x.o(.text) refers to system_stm32f10x.o(.data) for SystemCoreClock
    stm32f10x_gpio.o(.text) refers to stm32f10x_rcc.o(.text) for RCC_APB2PeriphResetCmd
    stm32f10x_rcc.o(.text) refers to stm32f10x_rcc.o(.data) for APBAHBPrescTable
[...]
    printf3.o(i.__0fprintf$3) refers to usart.o(.text) for fputc
    printf3.o(i.__0printf$3) refers to printf3.o(i._printf_core) for _printf_core
    printf3.o(i.__0printf$3) refers to usart.o(.text) for fputc
    printf3.o(i.__0printf$3) refers to usart.o(.data) for __stdout
    printf3.o(i.__0snprintf$3) refers to printf3.o(i._printf_core) for _printf_core
    printf3.o(i.__0snprintf$3) refers to printf3.o(i._snputc) for _snputc
    printf3.o(i.__0sprintf$3) refers to printf3.o(i._printf_core) for _printf_core
    printf3.o(i.__0sprintf$3) refers to printf3.o(i._sputc) for _sputc
    printf3.o(i.__0vfprintf$3) refers to printf3.o(i._printf_core) for _printf_core
    printf3.o(i.__0vfprintf$3) refers to usart.o(.text) for fputc
    printf3.o(i.__0vprintf$3) refers to printf3.o(i._printf_core) for _printf_core
    printf3.o(i.__0vprintf$3) refers to usart.o(.text) for fputc
    printf3.o(i.__0vprintf$3) refers to usart.o(.data) for __stdout
    printf3.o(i.__0vsnprintf$3) refers to printf3.o(i._printf_core) for _printf_core
    printf3.o(i.__0vsnprintf$3) refers to printf3.o(i._snputc) for _snputc
    printf3.o(i.__0vsprintf$3) refers to printf3.o(i._printf_core) for _printf_core
    printf3.o(i.__0vsprintf$3) refers to printf3.o(i._sputc) for _sputc
    printf3.o(i._printf_core) refers to uidiv.o(.text) for __aeabi_uidivmod
    printf4.o(i.__0fprintf$4) refers to printf4.o(i._printf_core) for _printf_core
    printf4.o(i.__0fprintf$4) refers to usart.o(.text) for fputc
    printf4.o(i.__0printf$4) refers to printf4.o(i._printf_core) for _printf_core
    printf4.o(i.__0printf$4) refers to usart.o(.text) for fputc
    printf4.o(i.__0printf$4) refers to usart.o(.data) for __stdout
    printf4.o(i.__0snprintf$4) refers to printf4.o(i._printf_core) for _printf_core
    printf4.o(i.__0snprintf$4) refers to printf4.o(i._snputc) for _snputc
    printf4.o(i.__0sprintf$4) refers to printf4.o(i._printf_core) for _printf_core
    printf4.o(i.__0sprintf$4) refers to printf4.o(i._sputc) for _sputc
    printf4.o(i.__0vfprintf$4) refers to printf4.o(i._printf_core) for _printf_core
    printf4.o(i.__0vfprintf$4) refers to usart.o(.text) for fputc
    printf4.o(i.__0vprintf$4) refers to printf4.o(i._printf_core) for _printf_core
    printf4.o(i.__0vprintf$4) refers to usart.o(.text) for fputc
    printf4.o(i.__0vprintf$4) refers to usart.o(.data) for __stdout
    printf4.o(i.__0vsnprintf$4) refers to printf4.o(i._printf_core) for _printf_core
    printf4.o(i.__0vsnprintf$4) refers to printf4.o(i._snputc) for _snputc
    printf4.o(i.__0vsprintf$4) refers to printf4.o(i._printf_core) for _printf_core
    printf4.o(i.__0vsprintf$4) refers to printf4.o(i._sputc) for _sputc
    printf4.o(i._printf_core) refers to uldiv.o(.text) for __aeabi_uldivmod
    printf5.o(i.__0fprintf$5) refers to printf5.o(i._printf_core) for _printf_core
    printf5.o(i.__0fprintf$5) refers to usart.o(.text) for fputc
    printf5.o(i.__0printf$5) refers to printf5.o(i._printf_core) for _printf_core
    printf5.o(i.__0printf$5) refers to usart.o(.text) for fputc
    printf5.o(i.__0printf$5) refers to usart.o(.data) for __stdout
    printf5.o(i.__0snprintf$5) refers to printf5.o(i._printf_core) for _printf_core
    printf5.o(i.__0snprintf$5) refers to printf5.o(i._snputc) for _snputc
    printf5.o(i.__0sprintf$5) refers to printf5.o(i._printf_core) for _printf_core
    printf5.o(i.__0sprintf$5) refers to printf5.o(i._sputc) for _sputc
    printf5.o(i.__0vfprintf$5) refers to printf5.o(i._printf_core) for _printf_core
    printf5.o(i.__0vfprintf$5) refers to usart.o(.text) for fputc
    printf5.o(i.__0vprintf$5) refers to printf5.o(i._printf_core) for _printf_core
    printf5.o(i.__0vprintf$5) refers to usart.o(.text) for fputc
    printf5.o(i.__0vprintf$5) refers to usart.o(.data) for __stdout
    printf5.o(i.__0vsnprintf$5) refers to printf5.o(i._printf_core) for _printf_core
    printf5.o(i.__0vsnprintf$5) refers to printf5.o(i._snputc) for _snputc
    printf5.o(i.__0vsprintf$5) refers to printf5.o(i._printf_core) for _printf_core
    printf5.o(i.__0vsprintf$5) refers to printf5.o(i._sputc) for _sputc
    printf5.o(i._printf_core) refers to uldiv.o(.text) for __aeabi_uldivmod
    printf6.o(i.__0fprintf$6) refers to printf6.o(i._printf_core) for _printf_core
    printf6.o(i.__0fprintf$6) refers to usart.o(.text) for fputc
    printf6.o(i.__0printf$6) refers to printf6.o(i._printf_core) for _printf_core
    printf6.o(i.__0printf$6) refers to usart.o(.text) for fputc
    printf6.o(i.__0printf$6) refers to usart.o(.data) for __stdout
    printf6.o(i.__0snprintf$6) refers to printf6.o(i._printf_core) for _printf_core
    printf6.o(i.__0snprintf$6) refers to printf6.o(i._snputc) for _snputc
    printf6.o(i.__0sprintf$6) refers to printf6.o(i._printf_core) for _printf_core
    printf6.o(i.__0sprintf$6) refers to printf6.o(i._sputc) for _sputc
    printf6.o(i.__0vfprintf$6) refers to printf6.o(i._printf_core) for _printf_core
    printf6.o(i.__0vfprintf$6) refers to usart.o(.text) for fputc
    printf6.o(i.__0vprintf$6) refers to printf6.o(i._printf_core) for _printf_core
    printf6.o(i.__0vprintf$6) refers to usart.o(.text) for fputc
    printf6.o(i.__0vprintf$6) refers to usart.o(.data) for __stdout
    printf6.o(i.__0vsnprintf$6) refers to printf6.o(i._printf_core) for _printf_core
    printf6.o(i.__0vsnprintf$6) refers to printf6.o(i._snputc) for _snputc
    printf6.o(i.__0vsprintf$6) refers to printf6.o(i._printf_core) for _printf_core
    printf6.o(i.__0vsprintf$6) refers to printf6.o(i._sputc) for _sputc
    printf6.o(i._printf_core) refers to printf6.o(i._printf_pre_padding) for _printf_pre_padding
    printf6.o(i._printf_core) refers to uidiv.o(.text) for __aeabi_uidivmod
    printf6.o(i._printf_core) refers to printf6.o(i._printf_post_padding) for _printf_post_padding
    printf7.o(i.__0fprintf$7) refers to printf7.o(i._printf_core) for _printf_core
    printf7.o(i.__0fprintf$7) refers to usart.o(.text) for fputc
    printf7.o(i.__0printf$7) refers to printf7.o(i._printf_core) for _printf_core
    printf7.o(i.__0printf$7) refers to usart.o(.text) for fputc
    printf7.o(i.__0printf$7) refers to usart.o(.data) for __stdout
    printf7.o(i.__0snprintf$7) refers to printf7.o(i._printf_core) for _printf_core
    printf7.o(i.__0snprintf$7) refers to printf7.o(i._snputc) for _snputc
    printf7.o(i.__0sprintf$7) refers to printf7.o(i._printf_core) for _printf_core
    printf7.o(i.__0sprintf$7) refers to printf7.o(i._sputc) for _sputc
    printf7.o(i.__0vfprintf$7) refers to printf7.o(i._printf_core) for _printf_core
    printf7.o(i.__0vfprintf$7) refers to usart.o(.text) for fputc
    printf7.o(i.__0vprintf$7) refers to printf7.o(i._printf_core) for _printf_core
    printf7.o(i.__0vprintf$7) refers to usart.o(.text) for fputc
    printf7.o(i.__0vprintf$7) refers to usart.o(.data) for __stdout
    printf7.o(i.__0vsnprintf$7) refers to printf7.o(i._printf_core) for _printf_core
    printf7.o(i.__0vsnprintf$7) refers to printf7.o(i._snputc) for _snputc
    printf7.o(i.__0vsprintf$7) refers to printf7.o(i._printf_core) for _printf_core
    printf7.o(i.__0vsprintf$7) refers to printf7.o(i._sputc) for _sputc
    printf7.o(i._printf_core) refers to printf7.o(i._printf_pre_padding) for _printf_pre_padding
    printf7.o(i._printf_core) refers to uldiv.o(.text) for __aeabi_uldivmod
    printf7.o(i._printf_core) refers to printf7.o(i._printf_post_padding) for _printf_post_padding
    printf8.o(i.__0fprintf$8) refers to printf8.o(i._printf_core) for _printf_core
    printf8.o(i.__0fprintf$8) refers to usart.o(.text) for fputc
    printf8.o(i.__0printf$8) refers to printf8.o(i._printf_core) for _printf_core
    printf8.o(i.__0printf$8) refers to usart.o(.text) for fputc
    printf8.o(i.__0printf$8) refers to usart.o(.data) for __stdout
    printf8.o(i.__0snprintf$8) refers to printf8.o(i._printf_core) for _printf_core
    printf8.o(i.__0snprintf$8) refers to printf8.o(i._snputc) for _snputc
    printf8.o(i.__0sprintf$8) refers to printf8.o(i._printf_core) for _printf_core
    printf8.o(i.__0sprintf$8) refers to printf8.o(i._sputc) for _sputc
    printf8.o(i.__0vfprintf$8) refers to printf8.o(i._printf_core) for _printf_core
    printf8.o(i.__0vfprintf$8) refers to usart.o(.text) for fputc
    printf8.o(i.__0vprintf$8) refers to printf8.o(i._printf_core) for _printf_core
    printf8.o(i.__0vprintf$8) refers to usart.o(.text) for fputc
    printf8.o(i.__0vprintf$8) refers to usart.o(.data) for __stdout
    printf8.o(i.__0vsnprintf$8) refers to printf8.o(i._printf_core) for _printf_core
    printf8.o(i.__0vsnprintf$8) refers to printf8.o(i._snputc) for _snputc
    printf8.o(i.__0vsprintf$8) refers to printf8.o(i._printf_core) for _printf_core
    printf8.o(i.__0vsprintf$8) refers to printf8.o(i._sputc) for _sputc
    printf8.o(i._printf_core) refers to printf8.o(i._printf_pre_padding) for _printf_pre_padding
    printf8.o(i._printf_core) refers to uldiv.o(.text) for __aeabi_uldivmod
    printf8.o(i._printf_core) refers to printf8.o(i._printf_post_padding) for _printf_post_padding
    printfa.o(i.__0fprintf) refers (Special) to iusefp.o(.text) for __I$use$fp
    printfa.o(i.__0fprintf) refers to printfa.o(i._printf_core) for _printf_core
    printfa.o(i.__0fprintf) refers to usart.o(.text) for fputc
    printfa.o(i.__0printf) refers (Special) to iusefp.o(.text) for __I$use$fp
    printfa.o(i.__0printf) refers to printfa.o(i._printf_core) for _printf_core
    printfa.o(i.__0printf) refers to usart.o(.text) for fputc
    printfa.o(i.__0printf) refers to usart.o(.data) for __stdout
    printfa.o(i.__0snprintf) refers (Special) to iusefp.o(.text) for __I$use$fp
    printfa.o(i.__0snprintf) refers to printfa.o(i._printf_core) for _printf_core
    printfa.o(i.__0snprintf) refers to printfa.o(i._snputc) for _snputc
    printfa.o(i.__0sprintf) refers (Special) to iusefp.o(.text) for __I$use$fp
    printfa.o(i.__0sprintf) refers to printfa.o(i._printf_core) for _printf_core
    printfa.o(i.__0sprintf) refers to printfa.o(i._sputc) for _sputc
    printfa.o(i.__0vfprintf) refers (Special) to iusefp.o(.text) for __I$use$fp
    printfa.o(i.__0vfprintf) refers to printfa.o(i._printf_core) for _printf_core
    printfa.o(i.__0vfprintf) refers to usart.o(.text) for fputc
    printfa.o(i.__0vprintf) refers (Special) to iusefp.o(.text) for __I$use$fp
    printfa.o(i.__0vprintf) refers to printfa.o(i._printf_core) for _printf_core
    printfa.o(i.__0vprintf) refers to usart.o(.text) for fputc
    printfa.o(i.__0vprintf) refers to usart.o(.data) for __stdout
    printfa.o(i.__0vsnprintf) refers (Special) to iusefp.o(.text) for __I$use$fp
    printfa.o(i.__0vsnprintf) refers to printfa.o(i._printf_core) for _printf_core
    printfa.o(i.__0vsnprintf) refers to printfa.o(i._snputc) for _snputc
    printfa.o(i.__0vsprintf) refers (Special) to iusefp.o(.text) for __I$use$fp
    printfa.o(i.__0vsprintf) refers to printfa.o(i._printf_core) for _printf_core
    printfa.o(i.__0vsprintf) refers to printfa.o(i._sputc) for _sputc
    printfa.o(i._fp_digits) refers (Special) to iusefp.o(.text) for __I$use$fp
    printfa.o(i._fp_digits) refers to dmul.o(.text) for __aeabi_dmul
    printfa.o(i._fp_digits) refers to ddiv.o(.text) for __aeabi_ddiv
    printfa.o(i._fp_digits) refers to cdrcmple.o(.text) for __aeabi_cdrcmple
    printfa.o(i._fp_digits) refers to dadd.o(.text) for __aeabi_dadd
    printfa.o(i._fp_digits) refers to dfixul.o(.text) for __aeabi_d2ulz
    printfa.o(i._fp_digits) refers to uldiv.o(.text) for __aeabi_uldivmod
    printfa.o(i._printf_core) refers (Special) to iusefp.o(.text) for __I$use$fp
    printfa.o(i._printf_core) refers to printfa.o(i._printf_pre_padding) for _printf_pre_padding
    printfa.o(i._printf_core) refers to uldiv.o(.text) for __aeabi_uldivmod
    printfa.o(i._printf_core) refers to printfa.o(i._printf_post_padding) for _printf_post_padding
    printfa.o(i._printf_core) refers to printfa.o(i._fp_digits) for _fp_digits
    printfa.o(i._printf_core) refers to uidiv.o(.text) for __aeabi_uidivmod
    printfa.o(i._printf_post_padding) refers (Special) to iusefp.o(.text) for __I$use$fp
    printfa.o(i._printf_pre_padding) refers (Special) to iusefp.o(.text) for __I$use$fp
    printfa.o(i._snputc) refers (Special) to iusefp.o(.text) for __I$use$fp
    printfa.o(i._sputc) refers (Special) to iusefp.o(.text) for __I$use$fp
    fadd.o(.text) refers (Special) to iusefp.o(.text) for __I$use$fp
    fadd.o(.text) refers to fepilogue.o(.text) for _float_epilogue
    fmul.o(.text) refers (Special) to iusefp.o(.text) for __I$use$fp
    fdiv.o(.text) refers (Special) to iusefp.o(.text) for __I$use$fp
    fdiv.o(.text) refers to fepilogue.o(.text) for _float_round
    dmul.o(.text) refers (Special) to iusefp.o(.text) for __I$use$fp
    dmul.o(.text) refers to depilogue.o(.text) for _double_epilogue
    ddiv.o(.text) refers (Special) to iusefp.o(.text) for __I$use$fp
    ddiv.o(.text) refers to depilogue.o(.text) for _double_round
    ffltui.o(.text) refers (Special) to iusefp.o(.text) for __I$use$fp
    ffltui.o(.text) refers to fepilogue.o(.text) for _float_epilogue
    dfixui.o(.text) refers (Special) to iusefp.o(.text) for __I$use$fp
    dfixui.o(.text) refers to llushr.o(.text) for __aeabi_llsr
    f2d.o(.text) refers (Special) to iusefp.o(.text) for __I$use$fp
    cdcmple.o(.text) refers (Special) to iusefp.o(.text) for __I$use$fp
    cdrcmple.o(.text) refers (Special) to iusefp.o(.text) for __I$use$fp
    d2f.o(.text) refers (Special) to iusefp.o(.text) for __I$use$fp
    d2f.o(.text) refers to fepilogue.o(.text) for _float_round
    cfcmple.o(.text) refers (Special) to iusefp.o(.text) for __I$use$fp
    entry2.o(.ARM.Collect$$$$00000001) refers to entry2.o(.ARM.Collect$$$$00002712) for __lit__00000000
    entry2.o(.ARM.Collect$$$$00002712) refers to startup_stm32f10x_md.o(STACK) for __initial_sp
    entry2.o(__vectab_stack_and_reset_area) refers to startup_stm32f10x_md.o(STACK) for __initial_sp
    entry2.o(__vectab_stack_and_reset_area) refers to entry.o(.ARM.Collect$$$$00000000) for __main
    entry5.o(.ARM.Collect$$$$00000004) refers to init.o(.text) for __scatterload
    entry9a.o(.ARM.Collect$$$$0000000B) refers to main.o(.text) for main
    entry9b.o(.ARM.Collect$$$$0000000C) refers to main.o(.text) for main
    uldiv.o(.text) refers to llushr.o(.text) for __aeabi_llsr
    uldiv.o(.text) refers to llshl.o(.text) for __aeabi_llsl
    depilogue.o(.text) refers to llshl.o(.text) for __aeabi_llsl
    depilogue.o(.text) refers to llushr.o(.text) for __aeabi_llsr
    dadd.o(.text) refers to llshl.o(.text) for __aeabi_llsl
    dadd.o(.text) refers to llsshr.o(.text) for __aeabi_lasr
    dadd.o(.text) refers to depilogue.o(.text) for _double_epilogue
    dfixul.o(.text) refers to llushr.o(.text) for __aeabi_llsr
    dfixul.o(.text) refers to llshl.o(.text) for __aeabi_llsl
    init.o(.text) refers to entry5.o(.ARM.Collect$$$$00000004) for __main_after_scatterload


==============================================================================

Removing Unused input sections from the image.

    Removing sys.o(.emb_text), (6 bytes).
    Removing sys.o(.text), (12 bytes).
    Removing core_cm3.o(.emb_text), (32 bytes).
    Removing startup_stm32f10x_md.o(HEAP), (1024 bytes).

4 unused section(s) (total 1074 bytes) removed from the image.

==============================================================================

Image Symbol Table

    Local Symbols

    Symbol Name                              Value     Ov Type        Size  Object(Section)

    ../clib/microlib/division.c              0x00000000   Number         0  uldiv.o ABSOLUTE
    ../clib/microlib/division.c              0x00000000   Number         0  uidiv.o ABSOLUTE
    ../clib/microlib/init/entry.s            0x00000000   Number         0  entry10a.o ABSOLUTE
    ../clib/microlib/init/entry.s            0x00000000   Number         0  entry8b.o ABSOLUTE
    ../clib/microlib/init/entry.s            0x00000000   Number         0  entry11b.o ABSOLUTE
    ../clib/microlib/init/entry.s            0x00000000   Number         0  entry11a.o ABSOLUTE
    ../clib/microlib/init/entry.s            0x00000000   Number         0  entry.o ABSOLUTE
    ../clib/microlib/init/entry.s            0x00000000   Number         0  entry2.o ABSOLUTE
    ../clib/microlib/init/entry.s            0x00000000   Number         0  entry5.o ABSOLUTE
    ../clib/microlib/init/entry.s            0x00000000   Number         0  entry7a.o ABSOLUTE
    ../clib/microlib/init/entry.s            0x00000000   Number         0  entry7b.o ABSOLUTE
    ../clib/microlib/init/entry.s            0x00000000   Number         0  entry8a.o ABSOLUTE
    ../clib/microlib/init/entry.s            0x00000000   Number         0  entry10b.o ABSOLUTE
    ../clib/microlib/init/entry.s            0x00000000   Number         0  entry9a.o ABSOLUTE
    ../clib/microlib/init/entry.s            0x00000000   Number         0  entry9b.o ABSOLUTE
    ../clib/microlib/longlong.c              0x00000000   Number         0  llushr.o ABSOLUTE
    ../clib/microlib/longlong.c              0x00000000   Number         0  llsshr.o ABSOLUTE
    ../clib/microlib/longlong.c              0x00000000   Number         0  llshl.o ABSOLUTE
    ../clib/microlib/printf/printf.c         0x00000000   Number         0  printfb.o ABSOLUTE
    ../clib/microlib/printf/printf.c         0x00000000   Number         0  printf0.o ABSOLUTE
    ../clib/microlib/printf/printf.c         0x00000000   Number         0  printf1.o ABSOLUTE
    ../clib/microlib/printf/printf.c         0x00000000   Number         0  printf2.o ABSOLUTE
    ../clib/microlib/printf/printf.c         0x00000000   Number         0  printf3.o ABSOLUTE
    ../clib/microlib/printf/printf.c         0x00000000   Number         0  printf4.o ABSOLUTE
    ../clib/microlib/printf/printf.c         0x00000000   Number         0  printf5.o ABSOLUTE
    ../clib/microlib/printf/printf.c         0x00000000   Number         0  printf6.o ABSOLUTE
    ../clib/microlib/printf/printf.c         0x00000000   Number         0  printf7.o ABSOLUTE
    ../clib/microlib/printf/printf.c         0x00000000   Number         0  printf8.o ABSOLUTE
    ../clib/microlib/printf/printf.c         0x00000000   Number         0  printfa.o ABSOLUTE
    ../clib/microlib/printf/stubs.s          0x00000000   Number         0  stubs.o ABSOLUTE
    ../clib/microlib/string/memset.c         0x00000000   Number         0  memseta.o ABSOLUTE
    ../clib/microlib/string/strchr.c         0x00000000   Number         0  strchr.o ABSOLUTE
    ../clib/microlib/string/strlen.c         0x00000000   Number         0  strlen.o ABSOLUTE
    ../clib/microlib/string/strstr.c         0x00000000   Number         0  strstr.o ABSOLUTE
    ../clib/microlib/stubs.s                 0x00000000   Number         0  iusefp.o ABSOLUTE
    ../clib/microlib/stubs.s                 0x00000000   Number         0  useno.o ABSOLUTE
    ../fplib/microlib/d2f.c                  0x00000000   Number         0  d2f.o ABSOLUTE
    ../fplib/microlib/f2d.c                  0x00000000   Number         0  f2d.o ABSOLUTE
    ../fplib/microlib/fpadd.c                0x00000000   Number         0  dadd.o ABSOLUTE
    ../fplib/microlib/fpadd.c                0x00000000   Number         0  fadd.o ABSOLUTE
    ../fplib/microlib/fpdiv.c                0x00000000   Number         0  ddiv.o ABSOLUTE
    ../fplib/microlib/fpdiv.c                0x00000000   Number         0  fdiv.o ABSOLUTE
    ../fplib/microlib/fpepilogue.c           0x00000000   Number         0  fepilogue.o ABSOLUTE
    ../fplib/microlib/fpepilogue.c           0x00000000   Number         0  depilogue.o ABSOLUTE
    ../fplib/microlib/fpfix.c                0x00000000   Number         0  dfixul.o ABSOLUTE
    ../fplib/microlib/fpfix.c                0x00000000   Number         0  dfixui.o ABSOLUTE
    ../fplib/microlib/fpflt.c                0x00000000   Number         0  ffltui.o ABSOLUTE
    ../fplib/microlib/fpmul.c                0x00000000   Number         0  dmul.o ABSOLUTE
    ../fplib/microlib/fpmul.c                0x00000000   Number         0  fmul.o ABSOLUTE
    ..\BASIC\ADC\adc.c                       0x00000000   Number         0  adc.o ABSOLUTE
    ..\BASIC\TIMER\timer.c                   0x00000000   Number         0  timer.o ABSOLUTE
    ..\BASIC\USART\usart.c                   0x00000000   Number         0  usart.o ABSOLUTE
    ..\BASIC\delay\delay.c                   0x00000000   Number         0  delay.o ABSOLUTE
    ..\BASIC\sys\sys.c                       0x00000000   Number         0  sys.o ABSOLUTE
    ..\CMSIS\core_cm3.c                      0x00000000   Number         0  core_cm3.o ABSOLUTE
    ..\CMSIS\startup_stm32f10x_md.s          0x00000000   Number         0  startup_stm32f10x_md.o ABSOLUTE
    ..\HARDWARE\BEEP\beef.c                  0x00000000   Number         0  beef.o ABSOLUTE
    ..\HARDWARE\ESP8266\esp8266.c            0x00000000   Number         0  esp8266.o ABSOLUTE
    ..\HARDWARE\LED\led.c                    0x00000000   Number         0  led.o ABSOLUTE
    ..\HARDWARE\NET_Usart\net_usart.c        0x00000000   Number         0  net_usart.o ABSOLUTE
    ..\HARDWARE\RELAY\relay.c                0x00000000   Number         0  relay.o ABSOLUTE
    ..\STM32F10x_FWLib\src\misc.c            0x00000000   Number         0  misc.o ABSOLUTE
    ..\STM32F10x_FWLib\src\stm32f10x_adc.c   0x00000000   Number         0  stm32f10x_adc.o ABSOLUTE
    ..\STM32F10x_FWLib\src\stm32f10x_dma.c   0x00000000   Number         0  stm32f10x_dma.o ABSOLUTE
    ..\STM32F10x_FWLib\src\stm32f10x_gpio.c  0x00000000   Number         0  stm32f10x_gpio.o ABSOLUTE
    ..\STM32F10x_FWLib\src\stm32f10x_rcc.c   0x00000000   Number         0  stm32f10x_rcc.o ABSOLUTE
    ..\STM32F10x_FWLib\src\stm32f10x_tim.c   0x00000000   Number         0  stm32f10x_tim.o ABSOLUTE
    ..\STM32F10x_FWLib\src\stm32f10x_usart.c 0x00000000   Number         0  stm32f10x_usart.o ABSOLUTE
    ..\\BASIC\\sys\\sys.c                    0x00000000   Number         0  sys.o ABSOLUTE
    ..\\CMSIS\\core_cm3.c                    0x00000000   Number         0  core_cm3.o ABSOLUTE
    cdcmple.s                                0x00000000   Number         0  cdcmple.o ABSOLUTE
    cdrcmple.s                               0x00000000   Number         0  cdrcmple.o ABSOLUTE
    cfcmple.s                                0x00000000   Number         0  cfcmple.o ABSOLUTE
    dc.s                                     0x00000000   Number         0  dc.o ABSOLUTE
    handlers.s                               0x00000000   Number         0  handlers.o ABSOLUTE
    init.s                                   0x00000000   Number         0  init.o ABSOLUTE
    main.c                                   0x00000000   Number         0  main.o ABSOLUTE
    stm32f10x_it.c                           0x00000000   Number         0  stm32f10x_it.o ABSOLUTE
    system_stm32f10x.c                       0x00000000   Number         0  system_stm32f10x.o ABSOLUTE
    RESET                                    0x08000000   Section      236  startup_stm32f10x_md.o(RESET)
    .ARM.Collect$$$$00000000                 0x080000ec   Section        0  entry.o(.ARM.Collect$$$$00000000)
    .ARM.Collect$$$$00000001                 0x080000ec   Section        4  entry2.o(.ARM.Collect$$$$00000001)
    .ARM.Collect$$$$00000004                 0x080000f0   Section        4  entry5.o(.ARM.Collect$$$$00000004)
    .ARM.Collect$$$$00000008                 0x080000f4   Section        0  entry7b.o(.ARM.Collect$$$$00000008)
    .ARM.Collect$$$$0000000A                 0x080000f4   Section        0  entry8b.o(.ARM.Collect$$$$0000000A)
    .ARM.Collect$$$$0000000B                 0x080000f4   Section        8  entry9a.o(.ARM.Collect$$$$0000000B)
    .ARM.Collect$$$$0000000D                 0x080000fc   Section        0  entry10a.o(.ARM.Collect$$$$0000000D)
    .ARM.Collect$$$$0000000F                 0x080000fc   Section        0  entry11a.o(.ARM.Collect$$$$0000000F)
    .ARM.Collect$$$$00002712                 0x080000fc   Section        4  entry2.o(.ARM.Collect$$$$00002712)
    __lit__00000000                          0x080000fc   Data           4  entry2.o(.ARM.Collect$$$$00002712)
    .text                                    0x08000100   Section        0  main.o(.text)
    .text                                    0x08000708   Section        0  stm32f10x_it.o(.text)
    .text                                    0x08000724   Section        0  esp8266.o(.text)
    .text                                    0x08000a90   Section        0  net_usart.o(.text)
    .text                                    0x08000c14   Section        0  beef.o(.text)
    .text                                    0x08000c6c   Section        0  led.o(.text)
    .text                                    0x08000ca4   Section        0  relay.o(.text)
    .text                                    0x08000cdc   Section        0  delay.o(.text)
    .text                                    0x08000d40   Section        0  timer.o(.text)
    .text                                    0x08000e38   Section        0  adc.o(.text)
    .text                                    0x08000fc4   Section        0  usart.o(.text)
    .text                                    0x080012a4   Section        0  system_stm32f10x.o(.text)
    SetSysClockTo72                          0x080012a5   Thumb Code   214  system_stm32f10x.o(.text)
    SetSysClock                              0x0800137b   Thumb Code     8  system_stm32f10x.o(.text)
    .text                                    0x08001484   Section        0  misc.o(.text)
    .text                                    0x08001560   Section        0  stm32f10x_gpio.o(.text)
    .text                                    0x080018bc   Section        0  stm32f10x_rcc.o(.text)
    .text                                    0x08001c60   Section        0  stm32f10x_usart.o(.text)
    .text                                    0x08002068   Section        0  stm32f10x_adc.o(.text)
    .text                                    0x080024b8   Section        0  stm32f10x_tim.o(.text)
    TI4_Config                               0x0800295f   Thumb Code   130  stm32f10x_tim.o(.text)
    TI3_Config                               0x080029f3   Thumb Code   122  stm32f10x_tim.o(.text)
    TI2_Config                               0x08002a87   Thumb Code   130  stm32f10x_tim.o(.text)
    TI1_Config                               0x08002b1b   Thumb Code   108  stm32f10x_tim.o(.text)
    .text                                    0x080032d4   Section        0  stm32f10x_dma.o(.text)
    .text                                    0x08003528   Section       36  startup_stm32f10x_md.o(.text)
    .text                                    0x0800354c   Section        0  memseta.o(.text)
    .text                                    0x08003570   Section        0  strstr.o(.text)
    .text                                    0x08003594   Section        0  strchr.o(.text)
    .text                                    0x080035a8   Section        0  strlen.o(.text)
    .text                                    0x080035b6   Section        0  fadd.o(.text)
    .text                                    0x08003666   Section        0  fmul.o(.text)
    .text                                    0x080036ca   Section        0  fdiv.o(.text)
    .text                                    0x08003746   Section        0  dmul.o(.text)
    .text                                    0x0800382a   Section        0  ddiv.o(.text)
    .text                                    0x08003908   Section        0  ffltui.o(.text)
    .text                                    0x08003912   Section        0  dfixui.o(.text)
    .text                                    0x08003944   Section        0  f2d.o(.text)
    .text                                    0x0800396c   Section       48  cdcmple.o(.text)
    .text                                    0x0800399c   Section       48  cdrcmple.o(.text)
    .text                                    0x080039cc   Section        0  d2f.o(.text)
    .text                                    0x08003a04   Section       20  cfcmple.o(.text)
    .text                                    0x08003a18   Section        0  uidiv.o(.text)
    .text                                    0x08003a44   Section        0  uldiv.o(.text)
    .text                                    0x08003aa6   Section        0  llushr.o(.text)
    .text                                    0x08003ac6   Section        0  iusefp.o(.text)
    .text                                    0x08003ac6   Section        0  fepilogue.o(.text)
    .text                                    0x08003b34   Section        0  depilogue.o(.text)
    .text                                    0x08003bee   Section        0  dadd.o(.text)
    .text                                    0x08003d3c   Section        0  dfixul.o(.text)
    .text                                    0x08003d6c   Section       36  init.o(.text)
    .text                                    0x08003d90   Section        0  llshl.o(.text)
    .text                                    0x08003dae   Section        0  llsshr.o(.text)
    i.__0printf                              0x08003dd4   Section        0  printfa.o(i.__0printf)
    i.__0sprintf                             0x08003df4   Section        0  printfa.o(i.__0sprintf)
    i.__0vsnprintf                           0x08003e1c   Section        0  printfa.o(i.__0vsnprintf)
    i.__0vsprintf                            0x08003e48   Section        0  printfa.o(i.__0vsprintf)
    i.__scatterload_copy                     0x08003e6c   Section       14  handlers.o(i.__scatterload_copy)
    i.__scatterload_null                     0x08003e7a   Section        2  handlers.o(i.__scatterload_null)
    i.__scatterload_zeroinit                 0x08003e7c   Section       14  handlers.o(i.__scatterload_zeroinit)
    i._fp_digits                             0x08003e8c   Section        0  printfa.o(i._fp_digits)
    _fp_digits                               0x08003e8d   Thumb Code   366  printfa.o(i._fp_digits)
    i._printf_core                           0x08004010   Section        0  printfa.o(i._printf_core)
    _printf_core                             0x08004011   Thumb Code  1744  printfa.o(i._printf_core)
    i._printf_post_padding                   0x080046ec   Section        0  printfa.o(i._printf_post_padding)
    _printf_post_padding                     0x080046ed   Thumb Code    36  printfa.o(i._printf_post_padding)
    i._printf_pre_padding                    0x08004710   Section        0  printfa.o(i._printf_pre_padding)
    _printf_pre_padding                      0x08004711   Thumb Code    46  printfa.o(i._printf_pre_padding)
    i._snputc                                0x0800473e   Section        0  printfa.o(i._snputc)
    _snputc                                  0x0800473f   Thumb Code    22  printfa.o(i._snputc)
    i._sputc                                 0x08004754   Section        0  printfa.o(i._sputc)
    _sputc                                   0x08004755   Thumb Code    10  printfa.o(i._sputc)
    .conststring                             0x08004760   Section      106  main.o(.conststring)
    .data                                    0x20000000   Section        1  esp8266.o(.data)
    .data                                    0x20000001   Section        3  relay.o(.data)
    .data                                    0x20000004   Section        8  timer.o(.data)
    two                                      0x2000000a   Data           2  timer.o(.data)
    .data                                    0x2000000c   Section        8  adc.o(.data)
    .data                                    0x20000014   Section       12  usart.o(.data)
    .data                                    0x20000020   Section       20  system_stm32f10x.o(.data)
    .data                                    0x20000034   Section       20  stm32f10x_rcc.o(.data)
    APBAHBPrescTable                         0x20000034   Data          16  stm32f10x_rcc.o(.data)
    ADCPrescTable                            0x20000044   Data           4  stm32f10x_rcc.o(.data)
    .bss                                     0x20000048   Section       62  esp8266.o(.bss)
    .bss                                     0x20000086   Section      504  net_usart.o(.bss)
    .bss                                     0x2000027e   Section      600  usart.o(.bss)
    STACK                                    0x200004d8   Section     1024  startup_stm32f10x_md.o(STACK)

    Global Symbols

    Symbol Name                              Value     Ov Type        Size  Object(Section)

    BuildAttributes$$THM_ISAv4$P$D$K$B$S$PE$A:L22UL41UL21$X:L11$S22US41US21$IEEE1$IW$USESV6$~STKCKD$USESV7$~SHL$OTIME$ROPI$EBA8$MICROLIB$REQ8$PRES8$EABIv2 0x00000000   Number         0  anon$$obj.o ABSOLUTE
    __ARM_use_no_argv                        0x00000000   Number         0  main.o ABSOLUTE
    __use_no_errno                           0x00000000   Number         0  useno.o ABSOLUTE
    __use_no_exception_handling              0x00000000   Number         0  useno.o ABSOLUTE
    __use_no_fp                              0x00000000   Number         0  useno.o ABSOLUTE
    __use_no_heap                            0x00000000   Number         0  useno.o ABSOLUTE
    __use_no_heap_region                     0x00000000   Number         0  useno.o ABSOLUTE
    __use_no_semihosting                     0x00000000   Number         0  useno.o ABSOLUTE
    __use_no_semihosting_swi                 0x00000000   Number         0  useno.o ABSOLUTE
    __use_no_signal_handling                 0x00000000   Number         0  useno.o ABSOLUTE
    _printf_a                                0x00000000   Number         0  stubs.o ABSOLUTE
    _printf_c                                0x00000000   Number         0  stubs.o ABSOLUTE
    _printf_charcount                        0x00000000   Number         0  stubs.o ABSOLUTE
    _printf_d                                0x00000000   Number         0  stubs.o ABSOLUTE
    _printf_e                                0x00000000   Number         0  stubs.o ABSOLUTE
    _printf_f                                0x00000000   Number         0  stubs.o ABSOLUTE
    _printf_flags                            0x00000000   Number         0  stubs.o ABSOLUTE
    _printf_fp_dec                           0x00000000   Number         0  stubs.o ABSOLUTE
    _printf_fp_hex                           0x00000000   Number         0  stubs.o ABSOLUTE
    _printf_g                                0x00000000   Number         0  stubs.o ABSOLUTE
    _printf_i                                0x00000000   Number         0  stubs.o ABSOLUTE
    _printf_int_dec                          0x00000000   Number         0  stubs.o ABSOLUTE
    _printf_l                                0x00000000   Number         0  stubs.o ABSOLUTE
    _printf_lc                               0x00000000   Number         0  stubs.o ABSOLUTE
    _printf_ll                               0x00000000   Number         0  stubs.o ABSOLUTE
    _printf_lld                              0x00000000   Number         0  stubs.o ABSOLUTE
    _printf_lli                              0x00000000   Number         0  stubs.o ABSOLUTE
    _printf_llo                              0x00000000   Number         0  stubs.o ABSOLUTE
    _printf_llu                              0x00000000   Number         0  stubs.o ABSOLUTE
    _printf_llx                              0x00000000   Number         0  stubs.o ABSOLUTE
    _printf_longlong_dec                     0x00000000   Number         0  stubs.o ABSOLUTE
    _printf_longlong_hex                     0x00000000   Number         0  stubs.o ABSOLUTE
    _printf_longlong_oct                     0x00000000   Number         0  stubs.o ABSOLUTE
    _printf_ls                               0x00000000   Number         0  stubs.o ABSOLUTE
    _printf_mbtowc                           0x00000000   Number         0  stubs.o ABSOLUTE
    _printf_n                                0x00000000   Number         0  stubs.o ABSOLUTE
    _printf_o                                0x00000000   Number         0  stubs.o ABSOLUTE
    _printf_p                                0x00000000   Number         0  stubs.o ABSOLUTE
    _printf_percent                          0x00000000   Number         0  stubs.o ABSOLUTE
    _printf_pre_padding                      0x00000000   Number         0  stubs.o ABSOLUTE
    _printf_return_value                     0x00000000   Number         0  stubs.o ABSOLUTE
    _printf_s                                0x00000000   Number         0  stubs.o ABSOLUTE
    _printf_sizespec                         0x00000000   Number         0  stubs.o ABSOLUTE
    _printf_str                              0x00000000   Number         0  stubs.o ABSOLUTE
    _printf_truncate_signed                  0x00000000   Number         0  stubs.o ABSOLUTE
    _printf_truncate_unsigned                0x00000000   Number         0  stubs.o ABSOLUTE
    _printf_u                                0x00000000   Number         0  stubs.o ABSOLUTE
    _printf_wc                               0x00000000   Number         0  stubs.o ABSOLUTE
    _printf_wctomb                           0x00000000   Number         0  stubs.o ABSOLUTE
    _printf_widthprec                        0x00000000   Number         0  stubs.o ABSOLUTE
    _printf_x                                0x00000000   Number         0  stubs.o ABSOLUTE
    __cpp_initialize__aeabi_                  - Undefined Weak Reference
    __cxa_finalize                            - Undefined Weak Reference
    __decompress                              - Undefined Weak Reference
    _clock_init                               - Undefined Weak Reference
    _microlib_exit                            - Undefined Weak Reference
    __Vectors_Size                           0x000000ec   Number         0  startup_stm32f10x_md.o ABSOLUTE
    __Vectors                                0x08000000   Data           4  startup_stm32f10x_md.o(RESET)
    __Vectors_End                            0x080000ec   Data           0  startup_stm32f10x_md.o(RESET)
    __main                                   0x080000ed   Thumb Code     0  entry.o(.ARM.Collect$$$$00000000)
    _main_stk                                0x080000ed   Thumb Code     0  entry2.o(.ARM.Collect$$$$00000001)
    _main_scatterload                        0x080000f1   Thumb Code     0  entry5.o(.ARM.Collect$$$$00000004)
    __main_after_scatterload                 0x080000f5   Thumb Code     0  entry5.o(.ARM.Collect$$$$00000004)
    _main_clock                              0x080000f5   Thumb Code     0  entry7b.o(.ARM.Collect$$$$00000008)
    _main_cpp_init                           0x080000f5   Thumb Code     0  entry8b.o(.ARM.Collect$$$$0000000A)
    _main_init                               0x080000f5   Thumb Code     0  entry9a.o(.ARM.Collect$$$$0000000B)
    __rt_final_cpp                           0x080000fd   Thumb Code     0  entry10a.o(.ARM.Collect$$$$0000000D)
    __rt_final_exit                          0x080000fd   Thumb Code     0  entry11a.o(.ARM.Collect$$$$0000000F)
    CTR_Function1                            0x08000101   Thumb Code   376  main.o(.text)
    main                                     0x08000279   Thumb Code   932  main.o(.text)
    CTR_Function2                            0x0800061d   Thumb Code   204  main.o(.text)
    NMI_Handler                              0x08000709   Thumb Code     2  stm32f10x_it.o(.text)
    HardFault_Handler                        0x0800070b   Thumb Code     4  stm32f10x_it.o(.text)
    MemManage_Handler                        0x0800070f   Thumb Code     4  stm32f10x_it.o(.text)
    BusFault_Handler                         0x08000713   Thumb Code     4  stm32f10x_it.o(.text)
    UsageFault_Handler                       0x08000717   Thumb Code     4  stm32f10x_it.o(.text)
    SVC_Handler                              0x0800071b   Thumb Code     2  stm32f10x_it.o(.text)
    DebugMon_Handler                         0x0800071d   Thumb Code     2  stm32f10x_it.o(.text)
    PendSV_Handler                           0x0800071f   Thumb Code     2  stm32f10x_it.o(.text)
    SysTick_Handler                          0x08000721   Thumb Code     2  stm32f10x_it.o(.text)
    Esp8266_Init                             0x08000725   Thumb Code   274  esp8266.o(.text)
    Esp8266_Net_SendData                     0x08000837   Thumb Code    64  esp8266.o(.text)
    Esp8266_WaitConnect                      0x08000877   Thumb Code    76  esp8266.o(.text)
    Esp8266_GetIPD                           0x080008c3   Thumb Code    86  esp8266.o(.text)
    NET_IO_Send                              0x08000a91   Thumb Code    52  net_usart.o(.text)
    NET_IO_WaitRecive                        0x08000ac5   Thumb Code    42  net_usart.o(.text)
    NET_IO_ClearRecive                       0x08000aef   Thumb Code    22  net_usart.o(.text)
    USART2_IRQHandler                        0x08000b05   Thumb Code    64  net_usart.o(.text)
    NET_DEVICE_SendCmd                       0x08000b45   Thumb Code    74  net_usart.o(.text)
    UsartPrintf                              0x08000b8f   Thumb Code    68  net_usart.o(.text)
    Usart_SendString                         0x08000bd3   Thumb Code    58  net_usart.o(.text)
    BEEF_Init                                0x08000c15   Thumb Code    50  beef.o(.text)
    Beep_Call                                0x08000c47   Thumb Code    24  beef.o(.text)
    LED_Init                                 0x08000c6d   Thumb Code    50  led.o(.text)
    RELAY_Init                               0x08000ca5   Thumb Code    50  relay.o(.text)
    delay_us                                 0x08000cdd   Thumb Code    46  delay.o(.text)
    delay_ms                                 0x08000d0b   Thumb Code    26  delay.o(.text)
    delay_s                                  0x08000d25   Thumb Code    26  delay.o(.text)
    TIM2_Int_Init                            0x08000d41   Thumb Code   100  timer.o(.text)
    TIM2_IRQHandler                          0x08000da5   Thumb Code   118  timer.o(.text)
    ADC_DMA_Init                             0x08000e39   Thumb Code    74  adc.o(.text)
    ADC_GPIO_Init                            0x08000e83   Thumb Code   102  adc.o(.text)
    ADC_Configuration                        0x08000ee9   Thumb Code   202  adc.o(.text)
    _sys_exit                                0x08000fc5   Thumb Code     6  usart.o(.text)
    fputc                                    0x08000fcb   Thumb Code    24  usart.o(.text)
    USART1_printf                            0x08000fe3   Thumb Code    82  usart.o(.text)
    USART1_Init                              0x08001035   Thumb Code   162  usart.o(.text)
    USART1_IRQHandler                        0x080010d7   Thumb Code   180  usart.o(.text)
    USART2_printf                            0x0800118b   Thumb Code    82  usart.o(.text)
    USART2_Init                              0x080011dd   Thumb Code   168  usart.o(.text)
    SystemInit                               0x08001383   Thumb Code    78  system_stm32f10x.o(.text)
    SystemCoreClockUpdate                    0x080013d1   Thumb Code   142  system_stm32f10x.o(.text)
    NVIC_PriorityGroupConfig                 0x08001485   Thumb Code    10  misc.o(.text)
    NVIC_Init                                0x0800148f   Thumb Code   100  misc.o(.text)
    NVIC_SetVectorTable                      0x080014f3   Thumb Code    14  misc.o(.text)
    NVIC_SystemLPConfig                      0x08001501   Thumb Code    34  misc.o(.text)
    SysTick_CLKSourceConfig                  0x08001523   Thumb Code    40  misc.o(.text)
    GPIO_DeInit                              0x08001561   Thumb Code   172  stm32f10x_gpio.o(.text)
    GPIO_AFIODeInit                          0x0800160d   Thumb Code    20  stm32f10x_gpio.o(.text)
    GPIO_Init                                0x08001621   Thumb Code   278  stm32f10x_gpio.o(.text)
    GPIO_StructInit                          0x08001737   Thumb Code    16  stm32f10x_gpio.o(.text)
    GPIO_ReadInputDataBit                    0x08001747   Thumb Code    18  stm32f10x_gpio.o(.text)
    GPIO_ReadInputData                       0x08001759   Thumb Code     8  stm32f10x_gpio.o(.text)
    GPIO_ReadOutputDataBit                   0x08001761   Thumb Code    18  stm32f10x_gpio.o(.text)
    GPIO_ReadOutputData                      0x08001773   Thumb Code     8  stm32f10x_gpio.o(.text)
    GPIO_SetBits                             0x0800177b   Thumb Code     4  stm32f10x_gpio.o(.text)
    GPIO_ResetBits                           0x0800177f   Thumb Code     4  stm32f10x_gpio.o(.text)
    GPIO_WriteBit                            0x08001783   Thumb Code    10  stm32f10x_gpio.o(.text)
    GPIO_Write                               0x0800178d   Thumb Code     4  stm32f10x_gpio.o(.text)
    GPIO_PinLockConfig                       0x08001791   Thumb Code    18  stm32f10x_gpio.o(.text)
    GPIO_EventOutputConfig                   0x080017a3   Thumb Code    26  stm32f10x_gpio.o(.text)
    GPIO_EventOutputCmd                      0x080017bd   Thumb Code     6  stm32f10x_gpio.o(.text)
    GPIO_PinRemapConfig                      0x080017c3   Thumb Code   138  stm32f10x_gpio.o(.text)
    GPIO_EXTILineConfig                      0x0800184d   Thumb Code    66  stm32f10x_gpio.o(.text)
    GPIO_ETH_MediaInterfaceConfig            0x0800188f   Thumb Code     8  stm32f10x_gpio.o(.text)
    RCC_DeInit                               0x080018bd   Thumb Code    64  stm32f10x_rcc.o(.text)
    RCC_HSEConfig                            0x080018fd   Thumb Code    70  stm32f10x_rcc.o(.text)
    RCC_GetFlagStatus                        0x08001943   Thumb Code    56  stm32f10x_rcc.o(.text)
    RCC_WaitForHSEStartUp                    0x0800197b   Thumb Code    56  stm32f10x_rcc.o(.text)
    RCC_AdjustHSICalibrationValue            0x080019b3   Thumb Code    20  stm32f10x_rcc.o(.text)
    RCC_HSICmd                               0x080019c7   Thumb Code     6  stm32f10x_rcc.o(.text)
    RCC_PLLConfig                            0x080019cd   Thumb Code    24  stm32f10x_rcc.o(.text)
    RCC_PLLCmd                               0x080019e5   Thumb Code     6  stm32f10x_rcc.o(.text)
    RCC_SYSCLKConfig                         0x080019eb   Thumb Code    18  stm32f10x_rcc.o(.text)
    RCC_GetSYSCLKSource                      0x080019fd   Thumb Code    10  stm32f10x_rcc.o(.text)
    RCC_HCLKConfig                           0x08001a07   Thumb Code    18  stm32f10x_rcc.o(.text)
    RCC_PCLK1Config                          0x08001a19   Thumb Code    18  stm32f10x_rcc.o(.text)
    RCC_PCLK2Config                          0x08001a2b   Thumb Code    20  stm32f10x_rcc.o(.text)
    RCC_ITConfig                             0x08001a3f   Thumb Code    26  stm32f10x_rcc.o(.text)
    RCC_USBCLKConfig                         0x08001a59   Thumb Code     8  stm32f10x_rcc.o(.text)
    RCC_ADCCLKConfig                         0x08001a61   Thumb Code    18  stm32f10x_rcc.o(.text)
    RCC_LSEConfig                            0x08001a73   Thumb Code    50  stm32f10x_rcc.o(.text)
    RCC_LSICmd                               0x08001aa5   Thumb Code     6  stm32f10x_rcc.o(.text)
    RCC_RTCCLKConfig                         0x08001aab   Thumb Code    12  stm32f10x_rcc.o(.text)
    RCC_RTCCLKCmd                            0x08001ab7   Thumb Code     8  stm32f10x_rcc.o(.text)
    RCC_GetClocksFreq                        0x08001abf   Thumb Code   192  stm32f10x_rcc.o(.text)
    RCC_AHBPeriphClockCmd                    0x08001b7f   Thumb Code    26  stm32f10x_rcc.o(.text)
    RCC_APB2PeriphClockCmd                   0x08001b99   Thumb Code    26  stm32f10x_rcc.o(.text)
    RCC_APB1PeriphClockCmd                   0x08001bb3   Thumb Code    26  stm32f10x_rcc.o(.text)
    RCC_APB2PeriphResetCmd                   0x08001bcd   Thumb Code    26  stm32f10x_rcc.o(.text)
    RCC_APB1PeriphResetCmd                   0x08001be7   Thumb Code    26  stm32f10x_rcc.o(.text)
    RCC_BackupResetCmd                       0x08001c01   Thumb Code     8  stm32f10x_rcc.o(.text)
    RCC_ClockSecuritySystemCmd               0x08001c09   Thumb Code     6  stm32f10x_rcc.o(.text)
    RCC_MCOConfig                            0x08001c0f   Thumb Code     6  stm32f10x_rcc.o(.text)
    RCC_ClearFlag                            0x08001c15   Thumb Code    14  stm32f10x_rcc.o(.text)
    RCC_GetITStatus                          0x08001c23   Thumb Code    20  stm32f10x_rcc.o(.text)
    RCC_ClearITPendingBit                    0x08001c37   Thumb Code     6  stm32f10x_rcc.o(.text)
    USART_DeInit                             0x08001c61   Thumb Code   134  stm32f10x_usart.o(.text)
    USART_Init                               0x08001ce7   Thumb Code   210  stm32f10x_usart.o(.text)
    USART_StructInit                         0x08001db9   Thumb Code    24  stm32f10x_usart.o(.text)
    USART_ClockInit                          0x08001dd1   Thumb Code    34  stm32f10x_usart.o(.text)
    USART_ClockStructInit                    0x08001df3   Thumb Code    12  stm32f10x_usart.o(.text)
    USART_Cmd                                0x08001dff   Thumb Code    24  stm32f10x_usart.o(.text)
    USART_ITConfig                           0x08001e17   Thumb Code    74  stm32f10x_usart.o(.text)
    USART_DMACmd                             0x08001e61   Thumb Code    18  stm32f10x_usart.o(.text)
    USART_SetAddress                         0x08001e73   Thumb Code    18  stm32f10x_usart.o(.text)
    USART_WakeUpConfig                       0x08001e85   Thumb Code    18  stm32f10x_usart.o(.text)
    USART_ReceiverWakeUpCmd                  0x08001e97   Thumb Code    24  stm32f10x_usart.o(.text)
    USART_LINBreakDetectLengthConfig         0x08001eaf   Thumb Code    18  stm32f10x_usart.o(.text)
    USART_LINCmd                             0x08001ec1   Thumb Code    24  stm32f10x_usart.o(.text)
    USART_SendData                           0x08001ed9   Thumb Code     8  stm32f10x_usart.o(.text)
    USART_ReceiveData                        0x08001ee1   Thumb Code    10  stm32f10x_usart.o(.text)
    USART_SendBreak                          0x08001eeb   Thumb Code    10  stm32f10x_usart.o(.text)
    USART_SetGuardTime                       0x08001ef5   Thumb Code    16  stm32f10x_usart.o(.text)
    USART_SetPrescaler                       0x08001f05   Thumb Code    16  stm32f10x_usart.o(.text)
    USART_SmartCardCmd                       0x08001f15   Thumb Code    24  stm32f10x_usart.o(.text)
    USART_SmartCardNACKCmd                   0x08001f2d   Thumb Code    24  stm32f10x_usart.o(.text)
    USART_HalfDuplexCmd                      0x08001f45   Thumb Code    24  stm32f10x_usart.o(.text)
    USART_OverSampling8Cmd                   0x08001f5d   Thumb Code    22  stm32f10x_usart.o(.text)
    USART_OneBitMethodCmd                    0x08001f73   Thumb Code    24  stm32f10x_usart.o(.text)
    USART_IrDAConfig                         0x08001f8b   Thumb Code    18  stm32f10x_usart.o(.text)
    USART_IrDACmd                            0x08001f9d   Thumb Code    24  stm32f10x_usart.o(.text)
    USART_GetFlagStatus                      0x08001fb5   Thumb Code    26  stm32f10x_usart.o(.text)
    USART_ClearFlag                          0x08001fcf   Thumb Code    18  stm32f10x_usart.o(.text)
    USART_GetITStatus                        0x08001fe1   Thumb Code    84  stm32f10x_usart.o(.text)
    USART_ClearITPendingBit                  0x08002035   Thumb Code    52  stm32f10x_usart.o(.text)
    ADC_DeInit                               0x08002069   Thumb Code    78  stm32f10x_adc.o(.text)
    ADC_Init                                 0x080020b7   Thumb Code    70  stm32f10x_adc.o(.text)
    ADC_StructInit                           0x080020fd   Thumb Code    18  stm32f10x_adc.o(.text)
    ADC_Cmd                                  0x0800210f   Thumb Code    22  stm32f10x_adc.o(.text)
    ADC_DMACmd                               0x08002125   Thumb Code    22  stm32f10x_adc.o(.text)
    ADC_ITConfig                             0x0800213b   Thumb Code    24  stm32f10x_adc.o(.text)
    ADC_ResetCalibration                     0x08002153   Thumb Code    10  stm32f10x_adc.o(.text)
    ADC_GetResetCalibrationStatus            0x0800215d   Thumb Code    20  stm32f10x_adc.o(.text)
    ADC_StartCalibration                     0x08002171   Thumb Code    10  stm32f10x_adc.o(.text)
    ADC_GetCalibrationStatus                 0x0800217b   Thumb Code    20  stm32f10x_adc.o(.text)
    ADC_SoftwareStartConvCmd                 0x0800218f   Thumb Code    22  stm32f10x_adc.o(.text)
    ADC_GetSoftwareStartConvStatus           0x080021a5   Thumb Code    20  stm32f10x_adc.o(.text)
    ADC_DiscModeChannelCountConfig           0x080021b9   Thumb Code    24  stm32f10x_adc.o(.text)
    ADC_DiscModeCmd                          0x080021d1   Thumb Code    22  stm32f10x_adc.o(.text)
    ADC_RegularChannelConfig                 0x080021e7   Thumb Code   184  stm32f10x_adc.o(.text)
    ADC_ExternalTrigConvCmd                  0x0800229f   Thumb Code    22  stm32f10x_adc.o(.text)
    ADC_GetConversionValue                   0x080022b5   Thumb Code     8  stm32f10x_adc.o(.text)
    ADC_GetDualModeConversionValue           0x080022bd   Thumb Code     8  stm32f10x_adc.o(.text)
    ADC_AutoInjectedConvCmd                  0x080022c5   Thumb Code    22  stm32f10x_adc.o(.text)
    ADC_InjectedDiscModeCmd                  0x080022db   Thumb Code    22  stm32f10x_adc.o(.text)
    ADC_ExternalTrigInjectedConvConfig       0x080022f1   Thumb Code    16  stm32f10x_adc.o(.text)
    ADC_ExternalTrigInjectedConvCmd          0x08002301   Thumb Code    22  stm32f10x_adc.o(.text)
    ADC_SoftwareStartInjectedConvCmd         0x08002317   Thumb Code    22  stm32f10x_adc.o(.text)
    ADC_GetSoftwareStartInjectedConvCmdStatus 0x0800232d   Thumb Code    20  stm32f10x_adc.o(.text)
    ADC_InjectedChannelConfig                0x08002341   Thumb Code   130  stm32f10x_adc.o(.text)
    ADC_InjectedSequencerLengthConfig        0x080023c3   Thumb Code    24  stm32f10x_adc.o(.text)
    ADC_SetInjectedOffset                    0x080023db   Thumb Code    20  stm32f10x_adc.o(.text)
    ADC_GetInjectedConversionValue           0x080023ef   Thumb Code    28  stm32f10x_adc.o(.text)
    ADC_AnalogWatchdogCmd                    0x0800240b   Thumb Code    16  stm32f10x_adc.o(.text)
    ADC_AnalogWatchdogThresholdsConfig       0x0800241b   Thumb Code     6  stm32f10x_adc.o(.text)
    ADC_AnalogWatchdogSingleChannelConfig    0x08002421   Thumb Code    16  stm32f10x_adc.o(.text)
    ADC_TempSensorVrefintCmd                 0x08002431   Thumb Code    64  stm32f10x_adc.o(.text)
    ADC_GetFlagStatus                        0x08002471   Thumb Code    18  stm32f10x_adc.o(.text)
    ADC_ClearFlag                            0x08002483   Thumb Code     6  stm32f10x_adc.o(.text)
    ADC_GetITStatus                          0x08002489   Thumb Code    36  stm32f10x_adc.o(.text)
    ADC_ClearITPendingBit                    0x080024ad   Thumb Code    10  stm32f10x_adc.o(.text)
    TIM_DeInit                               0x080024b9   Thumb Code   424  stm32f10x_tim.o(.text)
    TIM_TimeBaseInit                         0x08002661   Thumb Code   122  stm32f10x_tim.o(.text)
    TIM_OC1Init                              0x080026db   Thumb Code   132  stm32f10x_tim.o(.text)
    TIM_OC2Init                              0x0800275f   Thumb Code   154  stm32f10x_tim.o(.text)
    TIM_OC3Init                              0x080027f9   Thumb Code   150  stm32f10x_tim.o(.text)
    TIM_OC4Init                              0x0800288f   Thumb Code   182  stm32f10x_tim.o(.text)
    TIM_SetIC4Prescaler                      0x08002945   Thumb Code    26  stm32f10x_tim.o(.text)
    TIM_SetIC3Prescaler                      0x080029e1   Thumb Code    18  stm32f10x_tim.o(.text)
    TIM_SetIC2Prescaler                      0x08002a6d   Thumb Code    26  stm32f10x_tim.o(.text)
    TIM_SetIC1Prescaler                      0x08002b09   Thumb Code    18  stm32f10x_tim.o(.text)
    TIM_ICInit                               0x08002b87   Thumb Code   150  stm32f10x_tim.o(.text)
    TIM_PWMIConfig                           0x08002c1d   Thumb Code   124  stm32f10x_tim.o(.text)
    TIM_BDTRConfig                           0x08002c99   Thumb Code    32  stm32f10x_tim.o(.text)
    TIM_TimeBaseStructInit                   0x08002cb9   Thumb Code    18  stm32f10x_tim.o(.text)
    TIM_OCStructInit                         0x08002ccb   Thumb Code    20  stm32f10x_tim.o(.text)
    TIM_ICStructInit                         0x08002cdf   Thumb Code    18  stm32f10x_tim.o(.text)
    TIM_BDTRStructInit                       0x08002cf1   Thumb Code    40  stm32f10x_tim.o(.text)
    TIM_Cmd                                  0x08002d19   Thumb Code    24  stm32f10x_tim.o(.text)
    TIM_CtrlPWMOutputs                       0x08002d31   Thumb Code    30  stm32f10x_tim.o(.text)
    TIM_ITConfig                             0x08002d4f   Thumb Code    18  stm32f10x_tim.o(.text)
    TIM_GenerateEvent                        0x08002d61   Thumb Code     4  stm32f10x_tim.o(.text)
    TIM_DMAConfig                            0x08002d65   Thumb Code    10  stm32f10x_tim.o(.text)
    TIM_DMACmd                               0x08002d6f   Thumb Code    18  stm32f10x_tim.o(.text)
    TIM_InternalClockConfig                  0x08002d81   Thumb Code    12  stm32f10x_tim.o(.text)
    TIM_SelectInputTrigger                   0x08002d8d   Thumb Code    18  stm32f10x_tim.o(.text)
    TIM_ITRxExternalClockConfig              0x08002d9f   Thumb Code    24  stm32f10x_tim.o(.text)
    TIM_TIxExternalClockConfig               0x08002db7   Thumb Code    62  stm32f10x_tim.o(.text)
    TIM_ETRConfig                            0x08002df5   Thumb Code    28  stm32f10x_tim.o(.text)
    TIM_ETRClockMode1Config                  0x08002e11   Thumb Code    54  stm32f10x_tim.o(.text)
    TIM_ETRClockMode2Config                  0x08002e47   Thumb Code    32  stm32f10x_tim.o(.text)
    TIM_PrescalerConfig                      0x08002e67   Thumb Code     6  stm32f10x_tim.o(.text)
    TIM_CounterModeConfig                    0x08002e6d   Thumb Code    18  stm32f10x_tim.o(.text)
    TIM_EncoderInterfaceConfig               0x08002e7f   Thumb Code    66  stm32f10x_tim.o(.text)
    TIM_ForcedOC1Config                      0x08002ec1   Thumb Code    18  stm32f10x_tim.o(.text)
    TIM_ForcedOC2Config                      0x08002ed3   Thumb Code    26  stm32f10x_tim.o(.text)
    TIM_ForcedOC3Config                      0x08002eed   Thumb Code    18  stm32f10x_tim.o(.text)
    TIM_ForcedOC4Config                      0x08002eff   Thumb Code    26  stm32f10x_tim.o(.text)
    TIM_ARRPreloadConfig                     0x08002f19   Thumb Code    24  stm32f10x_tim.o(.text)
    TIM_SelectCOM                            0x08002f31   Thumb Code    24  stm32f10x_tim.o(.text)
    TIM_SelectCCDMA                          0x08002f49   Thumb Code    24  stm32f10x_tim.o(.text)
    TIM_CCPreloadControl                     0x08002f61   Thumb Code    24  stm32f10x_tim.o(.text)
    TIM_OC1PreloadConfig                     0x08002f79   Thumb Code    18  stm32f10x_tim.o(.text)
    TIM_OC2PreloadConfig                     0x08002f8b   Thumb Code    26  stm32f10x_tim.o(.text)
    TIM_OC3PreloadConfig                     0x08002fa5   Thumb Code    18  stm32f10x_tim.o(.text)
    TIM_OC4PreloadConfig                     0x08002fb7   Thumb Code    26  stm32f10x_tim.o(.text)
    TIM_OC1FastConfig                        0x08002fd1   Thumb Code    18  stm32f10x_tim.o(.text)
    TIM_OC2FastConfig                        0x08002fe3   Thumb Code    26  stm32f10x_tim.o(.text)
    TIM_OC3FastConfig                        0x08002ffd   Thumb Code    18  stm32f10x_tim.o(.text)
    TIM_OC4FastConfig                        0x0800300f   Thumb Code    26  stm32f10x_tim.o(.text)
    TIM_ClearOC1Ref                          0x08003029   Thumb Code    18  stm32f10x_tim.o(.text)
    TIM_ClearOC2Ref                          0x0800303b   Thumb Code    24  stm32f10x_tim.o(.text)
    TIM_ClearOC3Ref                          0x08003053   Thumb Code    18  stm32f10x_tim.o(.text)
    TIM_ClearOC4Ref                          0x08003065   Thumb Code    24  stm32f10x_tim.o(.text)
    TIM_OC1PolarityConfig                    0x0800307d   Thumb Code    18  stm32f10x_tim.o(.text)
    TIM_OC1NPolarityConfig                   0x0800308f   Thumb Code    18  stm32f10x_tim.o(.text)
    TIM_OC2PolarityConfig                    0x080030a1   Thumb Code    26  stm32f10x_tim.o(.text)
    TIM_OC2NPolarityConfig                   0x080030bb   Thumb Code    26  stm32f10x_tim.o(.text)
    TIM_OC3PolarityConfig                    0x080030d5   Thumb Code    26  stm32f10x_tim.o(.text)
    TIM_OC3NPolarityConfig                   0x080030ef   Thumb Code    26  stm32f10x_tim.o(.text)
    TIM_OC4PolarityConfig                    0x08003109   Thumb Code    26  stm32f10x_tim.o(.text)
    TIM_CCxCmd                               0x08003123   Thumb Code    30  stm32f10x_tim.o(.text)
    TIM_CCxNCmd                              0x08003141   Thumb Code    30  stm32f10x_tim.o(.text)
    TIM_SelectOCxM                           0x0800315f   Thumb Code    82  stm32f10x_tim.o(.text)
    TIM_UpdateDisableConfig                  0x080031b1   Thumb Code    24  stm32f10x_tim.o(.text)
    TIM_UpdateRequestConfig                  0x080031c9   Thumb Code    24  stm32f10x_tim.o(.text)
    TIM_SelectHallSensor                     0x080031e1   Thumb Code    24  stm32f10x_tim.o(.text)
    TIM_SelectOnePulseMode                   0x080031f9   Thumb Code    18  stm32f10x_tim.o(.text)
    TIM_SelectOutputTrigger                  0x0800320b   Thumb Code    18  stm32f10x_tim.o(.text)
    TIM_SelectSlaveMode                      0x0800321d   Thumb Code    18  stm32f10x_tim.o(.text)
    TIM_SelectMasterSlaveMode                0x0800322f   Thumb Code    18  stm32f10x_tim.o(.text)
    TIM_SetCounter                           0x08003241   Thumb Code     4  stm32f10x_tim.o(.text)
    TIM_SetAutoreload                        0x08003245   Thumb Code     4  stm32f10x_tim.o(.text)
    TIM_SetCompare1                          0x08003249   Thumb Code     4  stm32f10x_tim.o(.text)
    TIM_SetCompare2                          0x0800324d   Thumb Code     4  stm32f10x_tim.o(.text)
    TIM_SetCompare3                          0x08003251   Thumb Code     4  stm32f10x_tim.o(.text)
    TIM_SetCompare4                          0x08003255   Thumb Code     6  stm32f10x_tim.o(.text)
    TIM_SetClockDivision                     0x0800325b   Thumb Code    18  stm32f10x_tim.o(.text)
    TIM_GetCapture1                          0x0800326d   Thumb Code     6  stm32f10x_tim.o(.text)
    TIM_GetCapture2                          0x08003273   Thumb Code     6  stm32f10x_tim.o(.text)
    TIM_GetCapture3                          0x08003279   Thumb Code     6  stm32f10x_tim.o(.text)
    TIM_GetCapture4                          0x0800327f   Thumb Code     8  stm32f10x_tim.o(.text)
    TIM_GetCounter                           0x08003287   Thumb Code     6  stm32f10x_tim.o(.text)
    TIM_GetPrescaler                         0x0800328d   Thumb Code     6  stm32f10x_tim.o(.text)
    TIM_GetFlagStatus                        0x08003293   Thumb Code    18  stm32f10x_tim.o(.text)
    TIM_ClearFlag                            0x080032a5   Thumb Code     6  stm32f10x_tim.o(.text)
    TIM_GetITStatus                          0x080032ab   Thumb Code    34  stm32f10x_tim.o(.text)
    TIM_ClearITPendingBit                    0x080032cd   Thumb Code     6  stm32f10x_tim.o(.text)
    DMA_DeInit                               0x080032d5   Thumb Code   324  stm32f10x_dma.o(.text)
    DMA_Init                                 0x08003419   Thumb Code    60  stm32f10x_dma.o(.text)
    DMA_StructInit                           0x08003455   Thumb Code    26  stm32f10x_dma.o(.text)
    DMA_Cmd                                  0x0800346f   Thumb Code    24  stm32f10x_dma.o(.text)
    DMA_ITConfig                             0x08003487   Thumb Code    18  stm32f10x_dma.o(.text)
    DMA_SetCurrDataCounter                   0x08003499   Thumb Code     4  stm32f10x_dma.o(.text)
    DMA_GetCurrDataCounter                   0x0800349d   Thumb Code     8  stm32f10x_dma.o(.text)
    DMA_GetFlagStatus                        0x080034a5   Thumb Code    40  stm32f10x_dma.o(.text)
    DMA_ClearFlag                            0x080034cd   Thumb Code    22  stm32f10x_dma.o(.text)
    DMA_GetITStatus                          0x080034e3   Thumb Code    40  stm32f10x_dma.o(.text)
    DMA_ClearITPendingBit                    0x0800350b   Thumb Code    22  stm32f10x_dma.o(.text)
    Reset_Handler                            0x08003529   Thumb Code     8  startup_stm32f10x_md.o(.text)
    ADC1_2_IRQHandler                        0x08003543   Thumb Code     0  startup_stm32f10x_md.o(.text)
    CAN1_RX1_IRQHandler                      0x08003543   Thumb Code     0  startup_stm32f10x_md.o(.text)
    CAN1_SCE_IRQHandler                      0x08003543   Thumb Code     0  startup_stm32f10x_md.o(.text)
    DMA1_Channel1_IRQHandler                 0x08003543   Thumb Code     0  startup_stm32f10x_md.o(.text)
    DMA1_Channel2_IRQHandler                 0x08003543   Thumb Code     0  startup_stm32f10x_md.o(.text)
    DMA1_Channel3_IRQHandler                 0x08003543   Thumb Code     0  startup_stm32f10x_md.o(.text)
    DMA1_Channel4_IRQHandler                 0x08003543   Thumb Code     0  startup_stm32f10x_md.o(.text)
    DMA1_Channel5_IRQHandler                 0x08003543   Thumb Code     0  startup_stm32f10x_md.o(.text)
    DMA1_Channel6_IRQHandler                 0x08003543   Thumb Code     0  startup_stm32f10x_md.o(.text)
    DMA1_Channel7_IRQHandler                 0x08003543   Thumb Code     0  startup_stm32f10x_md.o(.text)
    EXTI0_IRQHandler                         0x08003543   Thumb Code     0  startup_stm32f10x_md.o(.text)
    EXTI15_10_IRQHandler                     0x08003543   Thumb Code     0  startup_stm32f10x_md.o(.text)
    EXTI1_IRQHandler                         0x08003543   Thumb Code     0  startup_stm32f10x_md.o(.text)
    EXTI2_IRQHandler                         0x08003543   Thumb Code     0  startup_stm32f10x_md.o(.text)
    EXTI3_IRQHandler                         0x08003543   Thumb Code     0  startup_stm32f10x_md.o(.text)
    EXTI4_IRQHandler                         0x08003543   Thumb Code     0  startup_stm32f10x_md.o(.text)
    EXTI9_5_IRQHandler                       0x08003543   Thumb Code     0  startup_stm32f10x_md.o(.text)
    FLASH_IRQHandler                         0x08003543   Thumb Code     0  startup_stm32f10x_md.o(.text)
    I2C1_ER_IRQHandler                       0x08003543   Thumb Code     0  startup_stm32f10x_md.o(.text)
    I2C1_EV_IRQHandler                       0x08003543   Thumb Code     0  startup_stm32f10x_md.o(.text)
    I2C2_ER_IRQHandler                       0x08003543   Thumb Code     0  startup_stm32f10x_md.o(.text)
    I2C2_EV_IRQHandler                       0x08003543   Thumb Code     0  startup_stm32f10x_md.o(.text)
    PVD_IRQHandler                           0x08003543   Thumb Code     0  startup_stm32f10x_md.o(.text)
    RCC_IRQHandler                           0x08003543   Thumb Code     0  startup_stm32f10x_md.o(.text)
    RTCAlarm_IRQHandler                      0x08003543   Thumb Code     0  startup_stm32f10x_md.o(.text)
    RTC_IRQHandler                           0x08003543   Thumb Code     0  startup_stm32f10x_md.o(.text)
    SPI1_IRQHandler                          0x08003543   Thumb Code     0  startup_stm32f10x_md.o(.text)
    SPI2_IRQHandler                          0x08003543   Thumb Code     0  startup_stm32f10x_md.o(.text)
    TAMPER_IRQHandler                        0x08003543   Thumb Code     0  startup_stm32f10x_md.o(.text)
    TIM1_BRK_IRQHandler                      0x08003543   Thumb Code     0  startup_stm32f10x_md.o(.text)
    TIM1_CC_IRQHandler                       0x08003543   Thumb Code     0  startup_stm32f10x_md.o(.text)
    TIM1_TRG_COM_IRQHandler                  0x08003543   Thumb Code     0  startup_stm32f10x_md.o(.text)
    TIM1_UP_IRQHandler                       0x08003543   Thumb Code     0  startup_stm32f10x_md.o(.text)
    TIM3_IRQHandler                          0x08003543   Thumb Code     0  startup_stm32f10x_md.o(.text)
    TIM4_IRQHandler                          0x08003543   Thumb Code     0  startup_stm32f10x_md.o(.text)
    USART3_IRQHandler                        0x08003543   Thumb Code     0  startup_stm32f10x_md.o(.text)
    USBWakeUp_IRQHandler                     0x08003543   Thumb Code     0  startup_stm32f10x_md.o(.text)
    USB_HP_CAN1_TX_IRQHandler                0x08003543   Thumb Code     0  startup_stm32f10x_md.o(.text)
    USB_LP_CAN1_RX0_IRQHandler               0x08003543   Thumb Code     0  startup_stm32f10x_md.o(.text)
    WWDG_IRQHandler                          0x08003543   Thumb Code     0  startup_stm32f10x_md.o(.text)
    __aeabi_memset                           0x0800354d   Thumb Code    14  memseta.o(.text)
    __aeabi_memset4                          0x0800354d   Thumb Code     0  memseta.o(.text)
    __aeabi_memset8                          0x0800354d   Thumb Code     0  memseta.o(.text)
    __aeabi_memclr                           0x0800355b   Thumb Code     4  memseta.o(.text)
    __aeabi_memclr4                          0x0800355b   Thumb Code     0  memseta.o(.text)
    __aeabi_memclr8                          0x0800355b   Thumb Code     0  memseta.o(.text)
    _memset$wrapper                          0x0800355f   Thumb Code    18  memseta.o(.text)
    strstr                                   0x08003571   Thumb Code    36  strstr.o(.text)
    strchr                                   0x08003595   Thumb Code    20  strchr.o(.text)
    strlen                                   0x080035a9   Thumb Code    14  strlen.o(.text)
    __aeabi_fadd                             0x080035b7   Thumb Code   164  fadd.o(.text)
    __aeabi_fsub                             0x0800365b   Thumb Code     6  fadd.o(.text)
    __aeabi_frsub                            0x08003661   Thumb Code     6  fadd.o(.text)
    __aeabi_fmul                             0x08003667   Thumb Code   100  fmul.o(.text)
    __aeabi_fdiv                             0x080036cb   Thumb Code   124  fdiv.o(.text)
    __aeabi_dmul                             0x08003747   Thumb Code   228  dmul.o(.text)
    __aeabi_ddiv                             0x0800382b   Thumb Code   222  ddiv.o(.text)
    __aeabi_ui2f                             0x08003909   Thumb Code    10  ffltui.o(.text)
    __aeabi_d2uiz                            0x08003913   Thumb Code    50  dfixui.o(.text)
    __aeabi_f2d                              0x08003945   Thumb Code    38  f2d.o(.text)
    __aeabi_cdcmpeq                          0x0800396d   Thumb Code     0  cdcmple.o(.text)
    __aeabi_cdcmple                          0x0800396d   Thumb Code    48  cdcmple.o(.text)
    __aeabi_cdrcmple                         0x0800399d   Thumb Code    48  cdrcmple.o(.text)
    __aeabi_d2f                              0x080039cd   Thumb Code    56  d2f.o(.text)
    __aeabi_cfcmpeq                          0x08003a05   Thumb Code     0  cfcmple.o(.text)
    __aeabi_cfcmple                          0x08003a05   Thumb Code    20  cfcmple.o(.text)
    __aeabi_uidiv                            0x08003a19   Thumb Code     0  uidiv.o(.text)
    __aeabi_uidivmod                         0x08003a19   Thumb Code    44  uidiv.o(.text)
    __aeabi_uldivmod                         0x08003a45   Thumb Code    98  uldiv.o(.text)
    __aeabi_llsr                             0x08003aa7   Thumb Code    32  llushr.o(.text)
    _ll_ushift_r                             0x08003aa7   Thumb Code     0  llushr.o(.text)
    __I$use$fp                               0x08003ac7   Thumb Code     0  iusefp.o(.text)
    _float_round                             0x08003ac7   Thumb Code    18  fepilogue.o(.text)
    _float_epilogue                          0x08003ad9   Thumb Code    92  fepilogue.o(.text)
    _double_round                            0x08003b35   Thumb Code    30  depilogue.o(.text)
    _double_epilogue                         0x08003b53   Thumb Code   156  depilogue.o(.text)
    __aeabi_dadd                             0x08003bef   Thumb Code   322  dadd.o(.text)
    __aeabi_dsub                             0x08003d31   Thumb Code     6  dadd.o(.text)
    __aeabi_drsub                            0x08003d37   Thumb Code     6  dadd.o(.text)
    __aeabi_d2ulz                            0x08003d3d   Thumb Code    48  dfixul.o(.text)
    __scatterload                            0x08003d6d   Thumb Code    28  init.o(.text)
    __scatterload_rt2                        0x08003d6d   Thumb Code     0  init.o(.text)
    __aeabi_llsl                             0x08003d91   Thumb Code    30  llshl.o(.text)
    _ll_shift_l                              0x08003d91   Thumb Code     0  llshl.o(.text)
    __aeabi_lasr                             0x08003daf   Thumb Code    36  llsshr.o(.text)
    _ll_sshift_r                             0x08003daf   Thumb Code     0  llsshr.o(.text)
    __0printf                                0x08003dd5   Thumb Code    22  printfa.o(i.__0printf)
    __1printf                                0x08003dd5   Thumb Code     0  printfa.o(i.__0printf)
    __2printf                                0x08003dd5   Thumb Code     0  printfa.o(i.__0printf)
    __c89printf                              0x08003dd5   Thumb Code     0  printfa.o(i.__0printf)
    printf                                   0x08003dd5   Thumb Code     0  printfa.o(i.__0printf)
    __0sprintf                               0x08003df5   Thumb Code    34  printfa.o(i.__0sprintf)
    __1sprintf                               0x08003df5   Thumb Code     0  printfa.o(i.__0sprintf)
    __2sprintf                               0x08003df5   Thumb Code     0  printfa.o(i.__0sprintf)
    __c89sprintf                             0x08003df5   Thumb Code     0  printfa.o(i.__0sprintf)
    sprintf                                  0x08003df5   Thumb Code     0  printfa.o(i.__0sprintf)
    __0vsnprintf                             0x08003e1d   Thumb Code    40  printfa.o(i.__0vsnprintf)
    __1vsnprintf                             0x08003e1d   Thumb Code     0  printfa.o(i.__0vsnprintf)
    __2vsnprintf                             0x08003e1d   Thumb Code     0  printfa.o(i.__0vsnprintf)
    __c89vsnprintf                           0x08003e1d   Thumb Code     0  printfa.o(i.__0vsnprintf)
    vsnprintf                                0x08003e1d   Thumb Code     0  printfa.o(i.__0vsnprintf)
    __0vsprintf                              0x08003e49   Thumb Code    30  printfa.o(i.__0vsprintf)
    __1vsprintf                              0x08003e49   Thumb Code     0  printfa.o(i.__0vsprintf)
    __2vsprintf                              0x08003e49   Thumb Code     0  printfa.o(i.__0vsprintf)
    __c89vsprintf                            0x08003e49   Thumb Code     0  printfa.o(i.__0vsprintf)
    vsprintf                                 0x08003e49   Thumb Code     0  printfa.o(i.__0vsprintf)
    __scatterload_copy                       0x08003e6d   Thumb Code    14  handlers.o(i.__scatterload_copy)
    __scatterload_null                       0x08003e7b   Thumb Code     2  handlers.o(i.__scatterload_null)
    __scatterload_zeroinit                   0x08003e7d   Thumb Code    14  handlers.o(i.__scatterload_zeroinit)
    Region$$Table$$Base                      0x080047cc   Number         0  anon$$obj.o(Region$$Table)
    Region$$Table$$Limit                     0x080047ec   Number         0  anon$$obj.o(Region$$Table)
    Status                                   0x20000000   Data           1  esp8266.o(.data)
    Relay0_state                             0x20000001   Data           1  relay.o(.data)
    Relay1_state                             0x20000002   Data           1  relay.o(.data)
    Relay2_state                             0x20000003   Data           1  relay.o(.data)
    Time                                     0x20000004   Data           2  timer.o(.data)
    Timer_Flag                               0x20000006   Data           1  timer.o(.data)
    Control_Flag                             0x20000007   Data           1  timer.o(.data)
    Control_Times                            0x20000008   Data           2  timer.o(.data)
    ADC_DMA_IN                               0x2000000c   Data           8  adc.o(.data)
    i                                        0x20000014   Data           1  usart.o(.data)
    USART_Start                              0x20000015   Data           1  usart.o(.data)
    USART_REC_Finish_FLAG                    0x20000016   Data           1  usart.o(.data)
    __stdout                                 0x20000018   Data           4  usart.o(.data)
    USART1_RX_STA                            0x2000001c   Data           2  usart.o(.data)
    USART2_RX_STA                            0x2000001e   Data           2  usart.o(.data)
    SystemCoreClock                          0x20000020   Data           4  system_stm32f10x.o(.data)
    AHBPrescTable                            0x20000024   Data          16  system_stm32f10x.o(.data)
    netDeviceInfo                            0x20000048   Data          62  esp8266.o(.bss)
    netIOInfo                                0x20000086   Data         504  net_usart.o(.bss)
    REC_Char                                 0x2000027e   Data         100  usart.o(.bss)
    CTR_STR2                                 0x200002e2   Data         100  usart.o(.bss)
    USART1_RX_BUF                            0x20000346   Data         200  usart.o(.bss)
    USART2_RX_BUF                            0x2000040e   Data         200  usart.o(.bss)
    __initial_sp                             0x200008d8   Data           0  startup_stm32f10x_md.o(STACK)



==============================================================================

Memory Map of the image

  Image Entry point : 0x080000ed

  Load Region LR_IROM1 (Base: 0x08000000, Size: 0x00004834, Max: 0x00010000, ABSOLUTE)

    Execution Region ER_IROM1 (Exec base: 0x08000000, Load base: 0x08000000, Size: 0x000047ec, Max: 0x00010000, ABSOLUTE)

    Exec Addr    Load Addr    Size         Type   Attr      Idx    E Section Name        Object

    0x08000000   0x08000000   0x000000ec   Data   RO          496    RESET               startup_stm32f10x_md.o
    0x080000ec   0x080000ec   0x00000000   Code   RO          501  * .ARM.Collect$$$$00000000  mc_w.l(entry.o)
    0x080000ec   0x080000ec   0x00000004   Code   RO          797    .ARM.Collect$$$$00000001  mc_w.l(entry2.o)
    0x080000f0   0x080000f0   0x00000004   Code   RO          800    .ARM.Collect$$$$00000004  mc_w.l(entry5.o)
    0x080000f4   0x080000f4   0x00000000   Code   RO          802    .ARM.Collect$$$$00000008  mc_w.l(entry7b.o)
    0x080000f4   0x080000f4   0x00000000   Code   RO          804    .ARM.Collect$$$$0000000A  mc_w.l(entry8b.o)
    0x080000f4   0x080000f4   0x00000008   Code   RO          805    .ARM.Collect$$$$0000000B  mc_w.l(entry9a.o)
    0x080000fc   0x080000fc   0x00000000   Code   RO          807    .ARM.Collect$$$$0000000D  mc_w.l(entry10a.o)
    0x080000fc   0x080000fc   0x00000000   Code   RO          809    .ARM.Collect$$$$0000000F  mc_w.l(entry11a.o)
    0x080000fc   0x080000fc   0x00000004   Code   RO          798    .ARM.Collect$$$$00002712  mc_w.l(entry2.o)
    0x08000100   0x08000100   0x00000608   Code   RO            1    .text               main.o
    0x08000708   0x08000708   0x0000001a   Code   RO          151    .text               stm32f10x_it.o
    0x08000722   0x08000722   0x00000002   PAD
    0x08000724   0x08000724   0x0000036c   Code   RO          192    .text               esp8266.o
    0x08000a90   0x08000a90   0x00000184   Code   RO          218    .text               net_usart.o
    0x08000c14   0x08000c14   0x00000058   Code   RO          243    .text               beef.o
    0x08000c6c   0x08000c6c   0x00000038   Code   RO          255    .text               led.o
    0x08000ca4   0x08000ca4   0x00000038   Code   RO          267    .text               relay.o
    0x08000cdc   0x08000cdc   0x00000062   Code   RO          285    .text               delay.o
    0x08000d3e   0x08000d3e   0x00000002   PAD
    0x08000d40   0x08000d40   0x000000f8   Code   RO          320    .text               timer.o
    0x08000e38   0x08000e38   0x0000018c   Code   RO          338    .text               adc.o
    0x08000fc4   0x08000fc4   0x000002e0   Code   RO          356    .text               usart.o
    0x080012a4   0x080012a4   0x000001e0   Code   RO          380    .text               system_stm32f10x.o
    0x08001484   0x08001484   0x000000dc   Code   RO          408    .text               misc.o
    0x08001560   0x08001560   0x0000035c   Code   RO          420    .text               stm32f10x_gpio.o
    0x080018bc   0x080018bc   0x000003a4   Code   RO          432    .text               stm32f10x_rcc.o
    0x08001c60   0x08001c60   0x00000408   Code   RO          446    .text               stm32f10x_usart.o
    0x08002068   0x08002068   0x0000044e   Code   RO          458    .text               stm32f10x_adc.o
    0x080024b6   0x080024b6   0x00000002   PAD
    0x080024b8   0x080024b8   0x00000e1a   Code   RO          470    .text               stm32f10x_tim.o
    0x080032d2   0x080032d2   0x00000002   PAD
    0x080032d4   0x080032d4   0x00000254   Code   RO          482    .text               stm32f10x_dma.o
    0x08003528   0x08003528   0x00000024   Code   RO          497    .text               startup_stm32f10x_md.o
    0x0800354c   0x0800354c   0x00000024   Code   RO          504    .text               mc_w.l(memseta.o)
    0x08003570   0x08003570   0x00000024   Code   RO          506    .text               mc_w.l(strstr.o)
    0x08003594   0x08003594   0x00000014   Code   RO          508    .text               mc_w.l(strchr.o)
    0x080035a8   0x080035a8   0x0000000e   Code   RO          510    .text               mc_w.l(strlen.o)
    0x080035b6   0x080035b6   0x000000b0   Code   RO          773    .text               mf_w.l(fadd.o)
    0x08003666   0x08003666   0x00000064   Code   RO          775    .text               mf_w.l(fmul.o)
    0x080036ca   0x080036ca   0x0000007c   Code   RO          777    .text               mf_w.l(fdiv.o)
    0x08003746   0x08003746   0x000000e4   Code   RO          779    .text               mf_w.l(dmul.o)
    0x0800382a   0x0800382a   0x000000de   Code   RO          781    .text               mf_w.l(ddiv.o)
    0x08003908   0x08003908   0x0000000a   Code   RO          783    .text               mf_w.l(ffltui.o)
    0x08003912   0x08003912   0x00000032   Code   RO          785    .text               mf_w.l(dfixui.o)
    0x08003944   0x08003944   0x00000026   Code   RO          787    .text               mf_w.l(f2d.o)
    0x0800396a   0x0800396a   0x00000002   PAD
    0x0800396c   0x0800396c   0x00000030   Code   RO          789    .text               mf_w.l(cdcmple.o)
    0x0800399c   0x0800399c   0x00000030   Code   RO          791    .text               mf_w.l(cdrcmple.o)
    0x080039cc   0x080039cc   0x00000038   Code   RO          793    .text               mf_w.l(d2f.o)
    0x08003a04   0x08003a04   0x00000014   Code   RO          795    .text               mf_w.l(cfcmple.o)
    0x08003a18   0x08003a18   0x0000002c   Code   RO          811    .text               mc_w.l(uidiv.o)
    0x08003a44   0x08003a44   0x00000062   Code   RO          813    .text               mc_w.l(uldiv.o)
    0x08003aa6   0x08003aa6   0x00000020   Code   RO          815    .text               mc_w.l(llushr.o)
    0x08003ac6   0x08003ac6   0x00000000   Code   RO          817    .text               mc_w.l(iusefp.o)
    0x08003ac6   0x08003ac6   0x0000006e   Code   RO          818    .text               mf_w.l(fepilogue.o)
    0x08003b34   0x08003b34   0x000000ba   Code   RO          820    .text               mf_w.l(depilogue.o)
    0x08003bee   0x08003bee   0x0000014e   Code   RO          822    .text               mf_w.l(dadd.o)
    0x08003d3c   0x08003d3c   0x00000030   Code   RO          824    .text               mf_w.l(dfixul.o)
    0x08003d6c   0x08003d6c   0x00000024   Code   RO          826    .text               mc_w.l(init.o)
    0x08003d90   0x08003d90   0x0000001e   Code   RO          828    .text               mc_w.l(llshl.o)
    0x08003dae   0x08003dae   0x00000024   Code   RO          830    .text               mc_w.l(llsshr.o)
    0x08003dd2   0x08003dd2   0x00000002   PAD
    0x08003dd4   0x08003dd4   0x00000020   Code   RO          745    i.__0printf         mc_w.l(printfa.o)
    0x08003df4   0x08003df4   0x00000028   Code   RO          747    i.__0sprintf        mc_w.l(printfa.o)
    0x08003e1c   0x08003e1c   0x0000002c   Code   RO          750    i.__0vsnprintf      mc_w.l(printfa.o)
    0x08003e48   0x08003e48   0x00000024   Code   RO          751    i.__0vsprintf       mc_w.l(printfa.o)
    0x08003e6c   0x08003e6c   0x0000000e   Code   RO          834    i.__scatterload_copy  mc_w.l(handlers.o)
    0x08003e7a   0x08003e7a   0x00000002   Code   RO          835    i.__scatterload_null  mc_w.l(handlers.o)
    0x08003e7c   0x08003e7c   0x0000000e   Code   RO          836    i.__scatterload_zeroinit  mc_w.l(handlers.o)
    0x08003e8a   0x08003e8a   0x00000002   PAD
    0x08003e8c   0x08003e8c   0x00000184   Code   RO          752    i._fp_digits        mc_w.l(printfa.o)
    0x08004010   0x08004010   0x000006dc   Code   RO          753    i._printf_core      mc_w.l(printfa.o)
    0x080046ec   0x080046ec   0x00000024   Code   RO          754    i._printf_post_padding  mc_w.l(printfa.o)
    0x08004710   0x08004710   0x0000002e   Code   RO          755    i._printf_pre_padding  mc_w.l(printfa.o)
    0x0800473e   0x0800473e   0x00000016   Code   RO          756    i._snputc           mc_w.l(printfa.o)
    0x08004754   0x08004754   0x0000000a   Code   RO          757    i._sputc            mc_w.l(printfa.o)
    0x0800475e   0x0800475e   0x00000002   PAD
    0x08004760   0x08004760   0x0000006a   Data   RO            2    .conststring        main.o
    0x080047ca   0x080047ca   0x00000002   PAD
    0x080047cc   0x080047cc   0x00000020   Data   RO          832    Region$$Table       anon$$obj.o


    Execution Region RW_IRAM1 (Exec base: 0x20000000, Load base: 0x080047ec, Size: 0x000008d8, Max: 0x00005000, ABSOLUTE)

    Exec Addr    Load Addr    Size         Type   Attr      Idx    E Section Name        Object

    0x20000000   0x080047ec   0x00000001   Data   RW          194    .data               esp8266.o
    0x20000001   0x080047ed   0x00000003   Data   RW          268    .data               relay.o
    0x20000004   0x080047f0   0x00000008   Data   RW          321    .data               timer.o
    0x2000000c   0x080047f8   0x00000008   Data   RW          339    .data               adc.o
    0x20000014   0x08004800   0x0000000c   Data   RW          358    .data               usart.o
    0x20000020   0x0800480c   0x00000014   Data   RW          381    .data               system_stm32f10x.o
    0x20000034   0x08004820   0x00000014   Data   RW          433    .data               stm32f10x_rcc.o
    0x20000048        -       0x0000003e   Zero   RW          193    .bss                esp8266.o
    0x20000086        -       0x000001f8   Zero   RW          219    .bss                net_usart.o
    0x2000027e        -       0x00000258   Zero   RW          357    .bss                usart.o
    0x200004d6   0x08004834   0x00000002   PAD
    0x200004d8        -       0x00000400   Zero   RW          494    STACK               startup_stm32f10x_md.o


==============================================================================

Image component sizes


      Code (inc. data)   RO Data    RW Data    ZI Data      Debug   Object Name

       396         18          0          8          0       1876   adc.o
        88         14          0          0          0        714   beef.o
        98          0          0          0          0        956   delay.o
       876        382          0          1         62       2638   esp8266.o
        56          6          0          0          0        587   led.o
      1544        164        106          0          0     273235   main.o
       220         22          0          0          0       2009   misc.o
       388          8          0          0        504       4425   net_usart.o
        56          6          0          3          0       1042   relay.o
        36          8        236          0       1024        864   startup_stm32f10x_md.o
      1102         26          0          0          0      11249   stm32f10x_adc.o
       596          8          0          0          0       4574   stm32f10x_dma.o
       860         38          0          0          0       5941   stm32f10x_gpio.o
        26          0          0          0          0       1286   stm32f10x_it.o
       932         36          0         20          0       9224   stm32f10x_rcc.o
      3610         88          0          0          0      23048   stm32f10x_tim.o
      1032         22          0          0          0       8668   stm32f10x_usart.o
         0          0          0          0          0         32   sys.o
       480         38          0         20          0       2055   system_stm32f10x.o
       248         30          0          8          0       1453   timer.o
       736         32          0         12        600       4888   usart.o

    ----------------------------------------------------------------------
     13388        946        376         72       2192     360764   Object Totals
         0          0         32          0          0          0   (incl. Generated)
         8          0          2          0          2          0   (incl. Padding)

    ----------------------------------------------------------------------

      Code (inc. data)   RO Data    RW Data    ZI Data      Debug   Library Member Name

         0          0          0          0          0          0   entry.o
         0          0          0          0          0          0   entry10a.o
         0          0          0          0          0          0   entry11a.o
         8          4          0          0          0          0   entry2.o
         4          0          0          0          0          0   entry5.o
         0          0          0          0          0          0   entry7b.o
         0          0          0          0          0          0   entry8b.o
         8          4          0          0          0          0   entry9a.o
        30          0          0          0          0          0   handlers.o
        36          8          0          0          0         68   init.o
         0          0          0          0          0          0   iusefp.o
        30          0          0          0          0         68   llshl.o
        36          0          0          0          0         68   llsshr.o
        32          0          0          0          0         68   llushr.o
        36          0          0          0          0        108   memseta.o
      2410        106          0          0          0        832   printfa.o
        20          0          0          0          0         68   strchr.o
        14          0          0          0          0         68   strlen.o
        36          0          0          0          0         80   strstr.o
        44          0          0          0          0         80   uidiv.o
        98          0          0          0          0         92   uldiv.o
        48          0          0          0          0         68   cdcmple.o
        48          0          0          0          0         68   cdrcmple.o
        20          0          0          0          0         68   cfcmple.o
        56          0          0          0          0         88   d2f.o
       334          0          0          0          0        148   dadd.o
       222          0          0          0          0        100   ddiv.o
       186          0          0          0          0        176   depilogue.o
        50          0          0          0          0         76   dfixui.o
        48          0          0          0          0         68   dfixul.o
       228          0          0          0          0         96   dmul.o
        38          0          0          0          0         68   f2d.o
       176          0          0          0          0        140   fadd.o
       124          0          0          0          0         88   fdiv.o
       110          0          0          0          0        168   fepilogue.o
        10          0          0          0          0         68   ffltui.o
       100          0          0          0          0         76   fmul.o

    ----------------------------------------------------------------------
      4648        122          0          0          0       3164   Library Totals
         8          0          0          0          0          0   (incl. Padding)

    ----------------------------------------------------------------------

      Code (inc. data)   RO Data    RW Data    ZI Data      Debug   Library Name

      2842        122          0          0          0       1600   mc_w.l
      1798          0          0          0          0       1564   mf_w.l

    ----------------------------------------------------------------------
      4648        122          0          0          0       3164   Library Totals

    ----------------------------------------------------------------------

==============================================================================


      Code (inc. data)   RO Data    RW Data    ZI Data      Debug   

     18036       1068        376         72       2192     360648   Grand Totals
     18036       1068        376         72       2192     360648   ELF Image Totals
     18036       1068        376         72          0          0   ROM Totals

==============================================================================

    Total RO  Size (Code + RO Data)                18412 (  17.98kB)
    Total RW  Size (RW Data + ZI Data)              2264 (   2.21kB)
    Total ROM Size (Code + RO Data + RW Data)      18484 (  18.05kB)

==============================================================================

